Microchip MPLAB XC8 Compiler V2.32

Linker command line:

-W-3 --edf=C:\Program Files\Microchip\xc8\v2.32\pic\dat\en_msgs.txt -cn \
  -h+dist/default/production\proyecto_final_3.X.production.sym \
  --cmf=dist/default/production\proyecto_final_3.X.production.cmf -z \
  -Q16F15313 -oC:\Users\lisse\AppData\Local\Temp\xcAsd4k.4 \
  --defsym=__MPLAB_BUILD=1 \
  -Mdist/default/production/proyecto_final_3.X.production.map -E1 \
  -ver=XC8 Compiler --acfsm=1493 -ASTACK=02040h-020EFh -pstack=STACK \
  -ACODE=00h-07FFh -ASTRCODE=00h-07FFh -ASTRING=00h-0FFhx8 \
  -ACONST=00h-0FFhx8 -AENTRY=00h-0FFhx8 -ACOMMON=070h-07Fh \
  -ABANK0=020h-06Fh -ABANK1=0A0h-0EFh -ABANK2=0120h-016Fh \
  -ABIGRAM=02000h-020EFh -ARAM=020h-06Fh,0A0h-0EFh,0120h-016Fh \
  -AABS1=020h-07Fh,0A0h-0EFh,0120h-016Fh -ASFR0=00h-01Fh -ASFR1=080h-09Fh \
  -ASFR2=0100h-011Fh -ASFR3=0180h-01EFh -ASFR4=0200h-026Fh \
  -ASFR5=0280h-02EFh -ASFR6=0300h-036Fh -ASFR7=0380h-03EFh \
  -ASFR8=0400h-046Fh -ASFR9=0480h-04EFh -ASFR10=0500h-056Fh \
  -ASFR11=0580h-05EFh -ASFR12=0600h-066Fh -ASFR13=0680h-06EFh \
  -ASFR14=0700h-076Fh -ASFR15=0780h-07EFh -ASFR16=0800h-086Fh \
  -ASFR17=0880h-08EFh -ASFR18=0900h-096Fh -ASFR19=0980h-09EFh \
  -ASFR20=0A00h-0A6Fh -ASFR21=0A80h-0AEFh -ASFR22=0B00h-0B6Fh \
  -ASFR23=0B80h-0BEFh -ASFR24=0C00h-0C6Fh -ASFR25=0C80h-0CEFh \
  -ASFR26=0D00h-0D6Fh -ASFR27=0D80h-0DEFh -ASFR28=0E00h-0E6Fh \
  -ASFR29=0E80h-0EEFh -ASFR30=0F00h-0F6Fh -ASFR31=0F80h-0FEFh \
  -ASFR32=01000h-0106Fh -ASFR33=01080h-010EFh -ASFR34=01100h-0116Fh \
  -ASFR35=01180h-011EFh -ASFR36=01200h-0126Fh -ASFR37=01280h-012EFh \
  -ASFR38=01300h-0136Fh -ASFR39=01380h-013EFh -ASFR40=01400h-0146Fh \
  -ASFR41=01480h-014EFh -ASFR42=01500h-0156Fh -ASFR43=01580h-015EFh \
  -ASFR44=01600h-0166Fh -ASFR45=01680h-016EFh -ASFR46=01700h-0176Fh \
  -ASFR47=01780h-017EFh -ASFR48=01800h-0186Fh -ASFR49=01880h-018EFh \
  -ASFR50=01900h-0196Fh -ASFR51=01980h-019EFh -ASFR52=01A00h-01A6Fh \
  -ASFR53=01A80h-01AEFh -ASFR54=01B00h-01B6Fh -ASFR55=01B80h-01BEFh \
  -ASFR56=01C00h-01C6Fh -ASFR57=01C80h-01CEFh -ASFR58=01D00h-01D6Fh \
  -ASFR59=01D80h-01DEFh -ASFR60=01E00h-01E6Fh -ASFR61=01E80h-01EEFh \
  -ASFR62=01F00h-01F6Fh -ASFR63=01F80h-01FEFh -ACONFIG=08007h-0800Bh \
  -DCONFIG=2 -AIDLOC=08000h-08003h -DIDLOC=2 -DCODE=2 -DSTRCODE=2 \
  -DSTRING=2 -DCONST=2 -DENTRY=2 -preset_vec=00h,intentry=04h,init,end_init \
  -ppowerup=CODE -pcinit=CODE -pfunctab=ENTRY -k \
  C:\Users\lisse\AppData\Local\Temp\xcAsd4k.o \
  dist/default/production\proyecto_final_3.X.production.o 

Object code version is 3.11

Machine type is 16F15313



                Name                               Link     Load   Length Selector   Space Scale
C:\Users\lisse\AppData\Local\Temp\xcAsd4k.o
                end_init                             4F       4F        1        8       0
                reset_vec                             0        0        1        0       0
                config                             8007     8007        5        0       4
dist/default/production\proyecto_final_3.X.production.o
                cinit                                50       50       11        8       0
                intentry                              4        4       4B        8       0
                config                             8007     8007        5        0       4
                text53                              247      247       1A        8       0
                text52                              392      392        4        8       0
                text51                              3A3      3A3        1        8       0
                text50                              38E      38E        4        8       0
                text49                              1A8      1A8       39        8       0
                text48                              20B      20B       22        8       0
                text47                              39F      39F        3        8       0
                text46                              303      303        8        8       0
                text45                              2BE      2BE        D        8       0
                text44                              39C      39C        3        8       0
                text43                              312      312        7        8       0
                text42                              381      381        5        8       0
                text41                              38A      38A        4        8       0
                text40                              30B      30B        7        8       0
                text39                              2FB      2FB        8        8       0
                text38                              2B1      2B1        D        8       0
                text37                              399      399        3        8       0
                text36                              37C      37C        5        8       0
                text35                              377      377        5        8       0
                text34                              2A4      2A4        D        8       0
                text33                               61       61       75        8       0
                text32                              367      367        6        8       0
                text31                              3A2      3A2        1        8       0
                text30                              288      288        F        8       0
                text28                              396      396        3        8       0
                text27                              297      297        D        8       0
                text26                              361      361        6        8       0
                text25                              35B      35B        6        8       0
                text24                              355      355        6        8       0
                text23                              34F      34F        6        8       0
                text22                              372      372        5        8       0
                text21                              36D      36D        5        8       0
                text20                              349      349        6        8       0
                text19                              343      343        6        8       0
                text18                              16F      16F       39        8       0
                text17                              33D      33D        6        8       0
                text16                              337      337        6        8       0
                text15                              331      331        6        8       0
                text14                              32B      32B        6        8       0
                text13                              325      325        6        8       0
                text12                              12F      12F       40        8       0
                text11                              2EA      2EA        9        8       0
                text10                              2D7      2D7        A        8       0
                text9                               22D      22D       1A        8       0
                text8                               2F3      2F3        8        8       0
                text7                               31F      31F        6        8       0
                text6                               261      261       14        8       0
                text5                               275      275       13        8       0
                text4                               1E1      1E1       2A        8       0
                text3                               2E1      2E1        9        8       0
                text2                               2CB      2CB        C        8       0
                text1                               386      386        4        8       0
                maintext                             D6       D6       59        8       0
                cstackBANK0                          5D       5D        3       20       1
                cstackCOMMON                         76       76        5       70       1
                clrtext                             319      319        6        8       0
                bssBANK0                             20       20       2E       20       1
                bssCOMMON                            70       70        6       70       1
                nvBANK0                              4E       4E        F       20       1

TOTAL           Name                               Link     Load   Length     Space
        CLASS   STACK          

        CLASS   CODE           
                end_init                             4F       4F        1         0
                cinit                                50       50       11         0
                intentry                              4        4       4B         0
                reset_vec                             0        0        1         0
                text53                              247      247       1A         0
                text52                              392      392        4         0
                text51                              3A3      3A3        1         0
                text50                              38E      38E        4         0
                text49                              1A8      1A8       39         0
                text48                              20B      20B       22         0
                text47                              39F      39F        3         0
                text46                              303      303        8         0
                text45                              2BE      2BE        D         0
                text44                              39C      39C        3         0
                text43                              312      312        7         0
                text42                              381      381        5         0
                text41                              38A      38A        4         0
                text40                              30B      30B        7         0
                text39                              2FB      2FB        8         0
                text38                              2B1      2B1        D         0
                text37                              399      399        3         0
                text36                              37C      37C        5         0
                text35                              377      377        5         0
                text34                              2A4      2A4        D         0
                text33                               61       61       75         0
                text32                              367      367        6         0
                text31                              3A2      3A2        1         0
                text30                              288      288        F         0
                text28                              396      396        3         0
                text27                              297      297        D         0
                text26                              361      361        6         0
                text25                              35B      35B        6         0
                text24                              355      355        6         0
                text23                              34F      34F        6         0
                text22                              372      372        5         0
                text21                              36D      36D        5         0
                text20                              349      349        6         0
                text19                              343      343        6         0
                text18                              16F      16F       39         0
                text17                              33D      33D        6         0
                text16                              337      337        6         0
                text15                              331      331        6         0
                text14                              32B      32B        6         0
                text13                              325      325        6         0
                text12                              12F      12F       40         0
                text11                              2EA      2EA        9         0
                text10                              2D7      2D7        A         0
                text9                               22D      22D       1A         0
                text8                               2F3      2F3        8         0
                text7                               31F      31F        6         0
                text6                               261      261       14         0
                text5                               275      275       13         0
                text4                               1E1      1E1       2A         0
                text3                               2E1      2E1        9         0
                text2                               2CB      2CB        C         0
                text1                               386      386        4         0
                maintext                             D6       D6       59         0
                clrtext                             319      319        6         0

        CLASS   STRCODE        

        CLASS   STRING         

        CLASS   CONST          

        CLASS   ENTRY          

        CLASS   COMMON         
                cstackCOMMON                         76       76        5         1
                bssCOMMON                            70       70        6         1

        CLASS   BANK0          
                cstackBANK0                          5D       5D        3         1
                bssBANK0                             20       20       2E         1
                nvBANK0                              4E       4E        F         1

        CLASS   BANK1          

        CLASS   BANK2          

        CLASS   BIGRAM         

        CLASS   RAM            

        CLASS   ABS1           
                abs_s1                               7E       7E        2         1

        CLASS   SFR0           

        CLASS   SFR1           

        CLASS   SFR2           

        CLASS   SFR3           

        CLASS   SFR4           

        CLASS   SFR5           

        CLASS   SFR6           

        CLASS   SFR7           

        CLASS   SFR8           

        CLASS   SFR9           

        CLASS   SFR10          

        CLASS   SFR11          

        CLASS   SFR12          

        CLASS   SFR13          

        CLASS   SFR14          

        CLASS   SFR15          

        CLASS   SFR16          

        CLASS   SFR17          

        CLASS   SFR18          

        CLASS   SFR19          

        CLASS   SFR20          

        CLASS   SFR21          

        CLASS   SFR22          

        CLASS   SFR23          

        CLASS   SFR24          

        CLASS   SFR25          

        CLASS   SFR26          

        CLASS   SFR27          

        CLASS   SFR28          

        CLASS   SFR29          

        CLASS   SFR30          

        CLASS   SFR31          

        CLASS   SFR32          

        CLASS   SFR33          

        CLASS   SFR34          

        CLASS   SFR35          

        CLASS   SFR36          

        CLASS   SFR37          

        CLASS   SFR38          

        CLASS   SFR39          

        CLASS   SFR40          

        CLASS   SFR41          

        CLASS   SFR42          

        CLASS   SFR43          

        CLASS   SFR44          

        CLASS   SFR45          

        CLASS   SFR46          

        CLASS   SFR47          

        CLASS   SFR48          

        CLASS   SFR49          

        CLASS   SFR50          

        CLASS   SFR51          

        CLASS   SFR52          

        CLASS   SFR53          

        CLASS   SFR54          

        CLASS   SFR55          

        CLASS   SFR56          

        CLASS   SFR57          

        CLASS   SFR58          

        CLASS   SFR59          

        CLASS   SFR60          

        CLASS   SFR61          

        CLASS   SFR62          

        CLASS   SFR63          

        CLASS   CONFIG         
                config                             8007     8007        5         4

        CLASS   IDLOC          

        CLASS   BANK63         

        CLASS   BANK62         

        CLASS   BANK61         

        CLASS   BANK60         

        CLASS   BANK59         

        CLASS   BANK58         

        CLASS   BANK57         

        CLASS   BANK56         

        CLASS   BANK55         

        CLASS   BANK54         

        CLASS   BANK53         

        CLASS   BANK52         

        CLASS   BANK51         

        CLASS   BANK50         

        CLASS   BANK49         

        CLASS   BANK48         

        CLASS   BANK47         

        CLASS   BANK46         

        CLASS   BANK45         

        CLASS   BANK44         

        CLASS   BANK43         

        CLASS   BANK42         

        CLASS   BANK41         

        CLASS   BANK40         

        CLASS   BANK39         

        CLASS   BANK38         

        CLASS   BANK37         

        CLASS   BANK36         

        CLASS   BANK35         

        CLASS   BANK34         

        CLASS   BANK33         

        CLASS   BANK32         

        CLASS   BANK31         

        CLASS   BANK30         

        CLASS   BANK29         

        CLASS   BANK28         

        CLASS   BANK27         

        CLASS   BANK26         

        CLASS   BANK25         

        CLASS   BANK24         

        CLASS   BANK23         

        CLASS   BANK22         

        CLASS   BANK21         

        CLASS   BANK20         

        CLASS   BANK19         

        CLASS   BANK18         

        CLASS   BANK17         

        CLASS   BANK16         

        CLASS   BANK15         

        CLASS   BANK14         

        CLASS   BANK13         

        CLASS   BANK12         

        CLASS   BANK11         

        CLASS   BANK10         

        CLASS   BANK9          

        CLASS   BANK8          

        CLASS   BANK7          

        CLASS   BANK6          

        CLASS   BANK5          

        CLASS   BANK4          

        CLASS   BANK3          

        CLASS   EEDATA         



SEGMENTS        Name                           Load    Length   Top    Selector   Space  Class     Delta

                reset_vec                      000000  000001  000001         0       0  CODE        2
                intentry                       000004  0003A0  0003A4         8       0  CODE        2
                bssBANK0                       000020  000040  000060        20       1  BANK0       1
                bssCOMMON                      000070  00000B  00007B        70       1  COMMON      1


UNUSED ADDRESS RANGES

        Name                Unused          Largest block    Delta
        BANK0            00060-0006F              10           1
        BANK1            000A0-000EF              50           1
        BANK2            00120-0016F              50           1
        BIGRAM           02000-020EF              F0           1
        CODE             00001-00003               3           2
                         003A4-007FF             45C
        COMMON           0007B-0007D               3           1
        CONST            00001-00003               3           2
                         003A4-007FF             100
        ENTRY            00001-00003               3           2
                         003A4-007FF             100
        IDLOC            08000-08003               4           2
        RAM              00060-0006F              10           1
                         000A0-000EF              50
                         00120-0016F              50
        SFR0             00000-0001F              20           1
        SFR1             00080-0009F              20           1
        SFR10            00500-0056F              70           1
        SFR11            00580-005EF              70           1
        SFR12            00600-0066F              70           1
        SFR13            00680-006EF              70           1
        SFR14            00700-0076F              70           1
        SFR15            00780-007EF              70           1
        SFR16            00800-0086F              70           1
        SFR17            00880-008EF              70           1
        SFR18            00900-0096F              70           1
        SFR19            00980-009EF              70           1
        SFR2             00100-0011F              20           1
        SFR20            00A00-00A6F              70           1
        SFR21            00A80-00AEF              70           1
        SFR22            00B00-00B6F              70           1
        SFR23            00B80-00BEF              70           1
        SFR24            00C00-00C6F              70           1
        SFR25            00C80-00CEF              70           1
        SFR26            00D00-00D6F              70           1
        SFR27            00D80-00DEF              70           1
        SFR28            00E00-00E6F              70           1
        SFR29            00E80-00EEF              70           1
        SFR3             00180-001EF              70           1
        SFR30            00F00-00F6F              70           1
        SFR31            00F80-00FEF              70           1
        SFR32            01000-0106F              70           1
        SFR33            01080-010EF              70           1
        SFR34            01100-0116F              70           1
        SFR35            01180-011EF              70           1
        SFR36            01200-0126F              70           1
        SFR37            01280-012EF              70           1
        SFR38            01300-0136F              70           1
        SFR39            01380-013EF              70           1
        SFR4             00200-0026F              70           1
        SFR40            01400-0146F              70           1
        SFR41            01480-014EF              70           1
        SFR42            01500-0156F              70           1
        SFR43            01580-015EF              70           1
        SFR44            01600-0166F              70           1
        SFR45            01680-016EF              70           1
        SFR46            01700-0176F              70           1
        SFR47            01780-017EF              70           1
        SFR48            01800-0186F              70           1
        SFR49            01880-018EF              70           1
        SFR5             00280-002EF              70           1
        SFR50            01900-0196F              70           1
        SFR51            01980-019EF              70           1
        SFR52            01A00-01A6F              70           1
        SFR53            01A80-01AEF              70           1
        SFR54            01B00-01B6F              70           1
        SFR55            01B80-01BEF              70           1
        SFR56            01C00-01C6F              70           1
        SFR57            01C80-01CEF              70           1
        SFR58            01D00-01D6F              70           1
        SFR59            01D80-01DEF              70           1
        SFR6             00300-0036F              70           1
        SFR60            01E00-01E6F              70           1
        SFR61            01E80-01EEF              70           1
        SFR62            01F00-01F6F              70           1
        SFR63            01F80-01FEF              70           1
        SFR7             00380-003EF              70           1
        SFR8             00400-0046F              70           1
        SFR9             00480-004EF              70           1
        STACK            02040-020EF              B0           1
        STRCODE          00001-00003               3           2
                         003A4-007FF             45C
        STRING           00001-00003               3           2
                         003A4-007FF             100

                                  Symbol Table

EUSART1_Read@readValue                          cstackCOMMON 0007A
EUSART1_SetErrorHandler@interruptHandler        cstackCOMMON 00079
EUSART1_SetFramingErrorHandler@interruptHandler cstackCOMMON 00079
EUSART1_SetOverrunErrorHandler@interruptHandler cstackCOMMON 00079
EUSART1_SetRxInterruptHandler@interruptHandler  cstackCOMMON 00079
EUSART1_SetTxInterruptHandler@interruptHandler  cstackCOMMON 00079
I2C1_SlaveSendTxData@data                       cstackCOMMON 00076
I2C1_SlaveSetAddrIntHandler@handler             cstackCOMMON 00079
I2C1_SlaveSetBusColIntHandler@handler           cstackCOMMON 00079
I2C1_SlaveSetIsrHandler@handler                 cstackCOMMON 00079
I2C1_SlaveSetReadIntHandler@handler             cstackCOMMON 00079
I2C1_SlaveSetSlaveAddr@slaveAddr                cstackCOMMON 00079
I2C1_SlaveSetSlaveMask@maskAddr                 cstackCOMMON 00079
I2C1_SlaveSetWrColIntHandler@handler            cstackCOMMON 00079
I2C1_SlaveSetWriteIntHandler@handler            cstackCOMMON 00079
TMR0_SetInterruptHandler@InterruptHandler       cstackCOMMON 00079
_ANSELA                                         (abs)        01F38
_BAUD1CON                                       (abs)        0011F
_EUSART1_DefaultErrorHandler                    text52       00392
_EUSART1_DefaultFramingErrorHandler             text51       003A3
_EUSART1_DefaultOverrunErrorHandler             text50       0038E
_EUSART1_ErrorHandler                           nvBANK0      0004E
_EUSART1_FramingErrorHandler                    nvBANK0      00052
_EUSART1_Initialize                             text12       0012F
_EUSART1_OverrunErrorHandler                    nvBANK0      00050
_EUSART1_Read                                   text4        001E1
_EUSART1_Receive_ISR                            text49       001A8
_EUSART1_RxDataHandler                          text53       00247
_EUSART1_RxDefaultInterruptHandler              nvBANK0      00054
_EUSART1_SetErrorHandler                        text17       0033D
_EUSART1_SetFramingErrorHandler                 text16       00337
_EUSART1_SetOverrunErrorHandler                 text15       00331
_EUSART1_SetRxInterruptHandler                  text14       0032B
_EUSART1_SetTxInterruptHandler                  text13       00325
_EUSART1_Transmit_ISR                           text48       0020B
_EUSART1_TxDefaultInterruptHandler              nvBANK0      00056
_EUSART1_is_tx_ready                            text3        002E1
_I2C1_Initialize                                text11       002EA
_I2C1_Isr                                       text33       00061
_I2C1_Open                                      text18       0016F
_I2C1_SlaveAddrCallBack                         text45       002BE
_I2C1_SlaveAddrInterruptHandler                 bssBANK0     00040
_I2C1_SlaveBusColInterruptHandler               bssBANK0     0003E
_I2C1_SlaveClearIrq                             text44       0039C
_I2C1_SlaveDefAddrInterruptHandler              text46       00303
_I2C1_SlaveDefBusColInterruptHandler            (abs)        00000
_I2C1_SlaveDefRdInterruptHandler                text39       002FB
_I2C1_SlaveDefWrColInterruptHandler             (abs)        00000
_I2C1_SlaveDefWrInterruptHandler                text35       00377
_I2C1_SlaveEnableIrq                            text28       00396
_I2C1_SlaveGetRxData                            text47       0039F
_I2C1_SlaveIsAddr                               text43       00312
_I2C1_SlaveIsRead                               text42       00381
_I2C1_SlaveIsRxBufFull                          text41       0038A
_I2C1_SlaveIsTxBufEmpty                         text40       0030B
_I2C1_SlaveOpen                                 text27       00297
_I2C1_SlaveRdCallBack                           text38       002B1
_I2C1_SlaveRdInterruptHandler                   bssBANK0     00044
_I2C1_SlaveReleaseClock                         text37       00399
_I2C1_SlaveSendTxData                           text36       0037C
_I2C1_SlaveSetAddrIntHandler                    text26       00361
_I2C1_SlaveSetBusColIntHandler                  text25       0035B
_I2C1_SlaveSetIsrHandler                        text24       00355
_I2C1_SlaveSetReadIntHandler                    text23       0034F
_I2C1_SlaveSetSlaveAddr                         text22       00372
_I2C1_SlaveSetSlaveMask                         text21       0036D
_I2C1_SlaveSetWrColIntHandler                   text20       00349
_I2C1_SlaveSetWriteIntHandler                   text19       00343
_I2C1_SlaveWrCallBack                           text34       002A4
_I2C1_SlaveWrColInterruptHandler                bssBANK0     0003C
_I2C1_SlaveWrInterruptHandler                   bssBANK0     00042
_INLVLA                                         (abs)        01F3C
_INTCONbits                                     (abs)        0000B
_INTERRUPT_InterruptManager                     intentry     00004
_LATA                                           (abs)        00018
_LATAbits                                       (abs)        00018
_MSSP1_InterruptHandler                         bssBANK0     00046
_ODCONA                                         (abs)        01F3A
_OSCCON1                                        (abs)        0088D
_OSCCON3                                        (abs)        0088F
_OSCEN                                          (abs)        00891
_OSCFRQ                                         (abs)        00893
_OSCILLATOR_Initialize                          text10       002D7
_OSCSTAT                                        (abs)        00890
_OSCTUNE                                        (abs)        00892
_PIE0bits                                       (abs)        00716
_PIE3bits                                       (abs)        00719
_PIN_MANAGER_Initialize                         text9        0022D
_PIR0bits                                       (abs)        0070C
_PIR3bits                                       (abs)        0070F
_PMD0                                           (abs)        00796
_PMD1                                           (abs)        00797
_PMD2                                           (abs)        00798
_PMD3                                           (abs)        00799
_PMD4                                           (abs)        0079A
_PMD5                                           (abs)        0079B
_PMD_Initialize                                 text8        002F3
_RA0PPS                                         (abs)        01F10
_RA1PPS                                         (abs)        01F11
_RA4PPS                                         (abs)        01F14
_RC1REG                                         (abs)        00119
_RC1STA                                         (abs)        0011D
_RC1STAbits                                     (abs)        0011D
_RX1DTPPS                                       (abs)        01ECB
_SLRCONA                                        (abs)        01F3B
_SP1BRGH                                        (abs)        0011C
_SP1BRGL                                        (abs)        0011B
_SSP1ADD                                        (abs)        0018D
_SSP1BUF                                        (abs)        0018C
_SSP1CLKPPS                                     (abs)        01EC5
_SSP1CON1                                       (abs)        00190
_SSP1CON1bits                                   (abs)        00190
_SSP1CON2                                       (abs)        00191
_SSP1CON2bits                                   (abs)        00191
_SSP1DATPPS                                     (abs)        01EC6
_SSP1MSK                                        (abs)        0018E
_SSP1STAT                                       (abs)        0018F
_SSP1STATbits                                   (abs)        0018F
_SYSTEM_Initialize                              text5        00275
_T0CON0                                         (abs)        0059E
_T0CON0bits                                     (abs)        0059E
_T0CON1                                         (abs)        0059F
_TMR0H                                          (abs)        0059D
_TMR0L                                          (abs)        0059C
_TMR0_DefaultInterruptHandler                   text31       003A2
_TMR0_ISR                                       text30       00288
_TMR0_Initialize                                text6        00261
_TMR0_InterruptHandler                          nvBANK0      00058
_TMR0_SetInterruptHandler                       text7        0031F
_TRISA                                          (abs)        00012
_TX1REG                                         (abs)        0011A
_TX1STA                                         (abs)        0011E
_TX1STAbits                                     (abs)        0011E
_WPUA                                           (abs)        01F39
__Habs1                                         abs1         00000
__Hbank0                                        bank0        00000
__Hbank1                                        bank1        00000
__Hbank10                                       bank10       00000
__Hbank11                                       bank11       00000
__Hbank12                                       bank12       00000
__Hbank13                                       bank13       00000
__Hbank14                                       bank14       00000
__Hbank15                                       bank15       00000
__Hbank16                                       bank16       00000
__Hbank17                                       bank17       00000
__Hbank18                                       bank18       00000
__Hbank19                                       bank19       00000
__Hbank2                                        bank2        00000
__Hbank20                                       bank20       00000
__Hbank21                                       bank21       00000
__Hbank22                                       bank22       00000
__Hbank23                                       bank23       00000
__Hbank24                                       bank24       00000
__Hbank25                                       bank25       00000
__Hbank26                                       bank26       00000
__Hbank27                                       bank27       00000
__Hbank28                                       bank28       00000
__Hbank29                                       bank29       00000
__Hbank3                                        bank3        00000
__Hbank30                                       bank30       00000
__Hbank31                                       bank31       00000
__Hbank32                                       bank32       00000
__Hbank33                                       bank33       00000
__Hbank34                                       bank34       00000
__Hbank35                                       bank35       00000
__Hbank36                                       bank36       00000
__Hbank37                                       bank37       00000
__Hbank38                                       bank38       00000
__Hbank39                                       bank39       00000
__Hbank4                                        bank4        00000
__Hbank40                                       bank40       00000
__Hbank41                                       bank41       00000
__Hbank42                                       bank42       00000
__Hbank43                                       bank43       00000
__Hbank44                                       bank44       00000
__Hbank45                                       bank45       00000
__Hbank46                                       bank46       00000
__Hbank47                                       bank47       00000
__Hbank48                                       bank48       00000
__Hbank49                                       bank49       00000
__Hbank5                                        bank5        00000
__Hbank50                                       bank50       00000
__Hbank51                                       bank51       00000
__Hbank52                                       bank52       00000
__Hbank53                                       bank53       00000
__Hbank54                                       bank54       00000
__Hbank55                                       bank55       00000
__Hbank56                                       bank56       00000
__Hbank57                                       bank57       00000
__Hbank58                                       bank58       00000
__Hbank59                                       bank59       00000
__Hbank6                                        bank6        00000
__Hbank60                                       bank60       00000
__Hbank61                                       bank61       00000
__Hbank62                                       bank62       00000
__Hbank63                                       bank63       00000
__Hbank7                                        bank7        00000
__Hbank8                                        bank8        00000
__Hbank9                                        bank9        00000
__Hbigram                                       bigram       00000
__HbssBANK0                                     bssBANK0     00000
__HbssCOMMON                                    bssCOMMON    00000
__Hcinit                                        cinit        00061
__Hclrtext                                      clrtext      00000
__Hcode                                         code         00000
__Hcommon                                       common       00000
__Hconfig                                       config       0800C
__HcstackBANK0                                  cstackBANK0  00000
__HcstackCOMMON                                 cstackCOMMON 00000
__Heeprom_data                                  eeprom_data  00000
__Hend_init                                     end_init     00050
__Hfunctab                                      functab      00000
__Hinit                                         init         0004F
__Hintentry                                     intentry     0004F
__Hmaintext                                     maintext     00000
__HnvBANK0                                      nvBANK0      00000
__Hpowerup                                      powerup      00000
__Hram                                          ram          00000
__Hreset_vec                                    reset_vec    00001
__Hsfr0                                         sfr0         00000
__Hsfr1                                         sfr1         00000
__Hsfr10                                        sfr10        00000
__Hsfr11                                        sfr11        00000
__Hsfr12                                        sfr12        00000
__Hsfr13                                        sfr13        00000
__Hsfr14                                        sfr14        00000
__Hsfr15                                        sfr15        00000
__Hsfr16                                        sfr16        00000
__Hsfr17                                        sfr17        00000
__Hsfr18                                        sfr18        00000
__Hsfr19                                        sfr19        00000
__Hsfr2                                         sfr2         00000
__Hsfr20                                        sfr20        00000
__Hsfr21                                        sfr21        00000
__Hsfr22                                        sfr22        00000
__Hsfr23                                        sfr23        00000
__Hsfr24                                        sfr24        00000
__Hsfr25                                        sfr25        00000
__Hsfr26                                        sfr26        00000
__Hsfr27                                        sfr27        00000
__Hsfr28                                        sfr28        00000
__Hsfr29                                        sfr29        00000
__Hsfr3                                         sfr3         00000
__Hsfr30                                        sfr30        00000
__Hsfr31                                        sfr31        00000
__Hsfr32                                        sfr32        00000
__Hsfr33                                        sfr33        00000
__Hsfr34                                        sfr34        00000
__Hsfr35                                        sfr35        00000
__Hsfr36                                        sfr36        00000
__Hsfr37                                        sfr37        00000
__Hsfr38                                        sfr38        00000
__Hsfr39                                        sfr39        00000
__Hsfr4                                         sfr4         00000
__Hsfr40                                        sfr40        00000
__Hsfr41                                        sfr41        00000
__Hsfr42                                        sfr42        00000
__Hsfr43                                        sfr43        00000
__Hsfr44                                        sfr44        00000
__Hsfr45                                        sfr45        00000
__Hsfr46                                        sfr46        00000
__Hsfr47                                        sfr47        00000
__Hsfr48                                        sfr48        00000
__Hsfr49                                        sfr49        00000
__Hsfr5                                         sfr5         00000
__Hsfr50                                        sfr50        00000
__Hsfr51                                        sfr51        00000
__Hsfr52                                        sfr52        00000
__Hsfr53                                        sfr53        00000
__Hsfr54                                        sfr54        00000
__Hsfr55                                        sfr55        00000
__Hsfr56                                        sfr56        00000
__Hsfr57                                        sfr57        00000
__Hsfr58                                        sfr58        00000
__Hsfr59                                        sfr59        00000
__Hsfr6                                         sfr6         00000
__Hsfr60                                        sfr60        00000
__Hsfr61                                        sfr61        00000
__Hsfr62                                        sfr62        00000
__Hsfr63                                        sfr63        00000
__Hsfr7                                         sfr7         00000
__Hsfr8                                         sfr8         00000
__Hsfr9                                         sfr9         00000
__Hspace_0                                      (abs)        003A4
__Hspace_1                                      (abs)        0007B
__Hspace_2                                      (abs)        00000
__Hspace_3                                      (abs)        00000
__Hspace_4                                      (abs)        10013
__Hstack                                        stack        00000
__Hstrings                                      strings      00000
__Htext                                         text         00000
__Labs1                                         abs1         00000
__Lbank0                                        bank0        00000
__Lbank1                                        bank1        00000
__Lbank10                                       bank10       00000
__Lbank11                                       bank11       00000
__Lbank12                                       bank12       00000
__Lbank13                                       bank13       00000
__Lbank14                                       bank14       00000
__Lbank15                                       bank15       00000
__Lbank16                                       bank16       00000
__Lbank17                                       bank17       00000
__Lbank18                                       bank18       00000
__Lbank19                                       bank19       00000
__Lbank2                                        bank2        00000
__Lbank20                                       bank20       00000
__Lbank21                                       bank21       00000
__Lbank22                                       bank22       00000
__Lbank23                                       bank23       00000
__Lbank24                                       bank24       00000
__Lbank25                                       bank25       00000
__Lbank26                                       bank26       00000
__Lbank27                                       bank27       00000
__Lbank28                                       bank28       00000
__Lbank29                                       bank29       00000
__Lbank3                                        bank3        00000
__Lbank30                                       bank30       00000
__Lbank31                                       bank31       00000
__Lbank32                                       bank32       00000
__Lbank33                                       bank33       00000
__Lbank34                                       bank34       00000
__Lbank35                                       bank35       00000
__Lbank36                                       bank36       00000
__Lbank37                                       bank37       00000
__Lbank38                                       bank38       00000
__Lbank39                                       bank39       00000
__Lbank4                                        bank4        00000
__Lbank40                                       bank40       00000
__Lbank41                                       bank41       00000
__Lbank42                                       bank42       00000
__Lbank43                                       bank43       00000
__Lbank44                                       bank44       00000
__Lbank45                                       bank45       00000
__Lbank46                                       bank46       00000
__Lbank47                                       bank47       00000
__Lbank48                                       bank48       00000
__Lbank49                                       bank49       00000
__Lbank5                                        bank5        00000
__Lbank50                                       bank50       00000
__Lbank51                                       bank51       00000
__Lbank52                                       bank52       00000
__Lbank53                                       bank53       00000
__Lbank54                                       bank54       00000
__Lbank55                                       bank55       00000
__Lbank56                                       bank56       00000
__Lbank57                                       bank57       00000
__Lbank58                                       bank58       00000
__Lbank59                                       bank59       00000
__Lbank6                                        bank6        00000
__Lbank60                                       bank60       00000
__Lbank61                                       bank61       00000
__Lbank62                                       bank62       00000
__Lbank63                                       bank63       00000
__Lbank7                                        bank7        00000
__Lbank8                                        bank8        00000
__Lbank9                                        bank9        00000
__Lbigram                                       bigram       00000
__LbssBANK0                                     bssBANK0     00000
__LbssCOMMON                                    bssCOMMON    00000
__Lcinit                                        cinit        00050
__Lclrtext                                      clrtext      00000
__Lcode                                         code         00000
__Lcommon                                       common       00000
__Lconfig                                       config       00000
__LcstackBANK0                                  cstackBANK0  00000
__LcstackCOMMON                                 cstackCOMMON 00000
__Leeprom_data                                  eeprom_data  00000
__Lend_init                                     end_init     0004F
__Lfunctab                                      functab      00000
__Linit                                         init         0004F
__Lintentry                                     intentry     00004
__Lmaintext                                     maintext     00000
__LnvBANK0                                      nvBANK0      00000
__Lpowerup                                      powerup      00000
__Lram                                          ram          00000
__Lreset_vec                                    reset_vec    00000
__Lsfr0                                         sfr0         00000
__Lsfr1                                         sfr1         00000
__Lsfr10                                        sfr10        00000
__Lsfr11                                        sfr11        00000
__Lsfr12                                        sfr12        00000
__Lsfr13                                        sfr13        00000
__Lsfr14                                        sfr14        00000
__Lsfr15                                        sfr15        00000
__Lsfr16                                        sfr16        00000
__Lsfr17                                        sfr17        00000
__Lsfr18                                        sfr18        00000
__Lsfr19                                        sfr19        00000
__Lsfr2                                         sfr2         00000
__Lsfr20                                        sfr20        00000
__Lsfr21                                        sfr21        00000
__Lsfr22                                        sfr22        00000
__Lsfr23                                        sfr23        00000
__Lsfr24                                        sfr24        00000
__Lsfr25                                        sfr25        00000
__Lsfr26                                        sfr26        00000
__Lsfr27                                        sfr27        00000
__Lsfr28                                        sfr28        00000
__Lsfr29                                        sfr29        00000
__Lsfr3                                         sfr3         00000
__Lsfr30                                        sfr30        00000
__Lsfr31                                        sfr31        00000
__Lsfr32                                        sfr32        00000
__Lsfr33                                        sfr33        00000
__Lsfr34                                        sfr34        00000
__Lsfr35                                        sfr35        00000
__Lsfr36                                        sfr36        00000
__Lsfr37                                        sfr37        00000
__Lsfr38                                        sfr38        00000
__Lsfr39                                        sfr39        00000
__Lsfr4                                         sfr4         00000
__Lsfr40                                        sfr40        00000
__Lsfr41                                        sfr41        00000
__Lsfr42                                        sfr42        00000
__Lsfr43                                        sfr43        00000
__Lsfr44                                        sfr44        00000
__Lsfr45                                        sfr45        00000
__Lsfr46                                        sfr46        00000
__Lsfr47                                        sfr47        00000
__Lsfr48                                        sfr48        00000
__Lsfr49                                        sfr49        00000
__Lsfr5                                         sfr5         00000
__Lsfr50                                        sfr50        00000
__Lsfr51                                        sfr51        00000
__Lsfr52                                        sfr52        00000
__Lsfr53                                        sfr53        00000
__Lsfr54                                        sfr54        00000
__Lsfr55                                        sfr55        00000
__Lsfr56                                        sfr56        00000
__Lsfr57                                        sfr57        00000
__Lsfr58                                        sfr58        00000
__Lsfr59                                        sfr59        00000
__Lsfr6                                         sfr6         00000
__Lsfr60                                        sfr60        00000
__Lsfr61                                        sfr61        00000
__Lsfr62                                        sfr62        00000
__Lsfr63                                        sfr63        00000
__Lsfr7                                         sfr7         00000
__Lsfr8                                         sfr8         00000
__Lsfr9                                         sfr9         00000
__Lspace_0                                      (abs)        00000
__Lspace_1                                      (abs)        00000
__Lspace_2                                      (abs)        00000
__Lspace_3                                      (abs)        00000
__Lspace_4                                      (abs)        00000
__Lstack                                        stack        00000
__Lstrings                                      strings      00000
__Ltext                                         text         00000
__S0                                            (abs)        003A4
__S1                                            (abs)        0007B
__S2                                            (abs)        00000
___int_sp                                       stack        00000
___latbits                                      (abs)        00000
___sp                                           stack        00000
___stackhi                                      (abs)        020EF
___stacklo                                      (abs)        02040
__end_of_EUSART1_DefaultErrorHandler            text52       00396
__end_of_EUSART1_DefaultFramingErrorHandler     text51       003A4
__end_of_EUSART1_DefaultOverrunErrorHandler     text50       00392
__end_of_EUSART1_Initialize                     text12       0016F
__end_of_EUSART1_Read                           text4        0020B
__end_of_EUSART1_Receive_ISR                    text49       001E1
__end_of_EUSART1_RxDataHandler                  text53       00261
__end_of_EUSART1_SetErrorHandler                text17       00343
__end_of_EUSART1_SetFramingErrorHandler         text16       0033D
__end_of_EUSART1_SetOverrunErrorHandler         text15       00337
__end_of_EUSART1_SetRxInterruptHandler          text14       00331
__end_of_EUSART1_SetTxInterruptHandler          text13       0032B
__end_of_EUSART1_Transmit_ISR                   text48       0022D
__end_of_EUSART1_is_tx_ready                    text3        002EA
__end_of_I2C1_Initialize                        text11       002F3
__end_of_I2C1_Isr                               text33       000D6
__end_of_I2C1_Open                              text18       001A8
__end_of_I2C1_SlaveAddrCallBack                 text45       002CB
__end_of_I2C1_SlaveClearIrq                     text44       0039F
__end_of_I2C1_SlaveDefAddrInterruptHandler      text46       0030B
__end_of_I2C1_SlaveDefRdInterruptHandler        text39       00303
__end_of_I2C1_SlaveDefWrInterruptHandler        text35       0037C
__end_of_I2C1_SlaveEnableIrq                    text28       00399
__end_of_I2C1_SlaveGetRxData                    text47       003A2
__end_of_I2C1_SlaveIsAddr                       text43       00319
__end_of_I2C1_SlaveIsRead                       text42       00386
__end_of_I2C1_SlaveIsRxBufFull                  text41       0038E
__end_of_I2C1_SlaveIsTxBufEmpty                 text40       00312
__end_of_I2C1_SlaveOpen                         text27       002A4
__end_of_I2C1_SlaveRdCallBack                   text38       002BE
__end_of_I2C1_SlaveReleaseClock                 text37       0039C
__end_of_I2C1_SlaveSendTxData                   text36       00381
__end_of_I2C1_SlaveSetAddrIntHandler            text26       00367
__end_of_I2C1_SlaveSetBusColIntHandler          text25       00361
__end_of_I2C1_SlaveSetIsrHandler                text24       0035B
__end_of_I2C1_SlaveSetReadIntHandler            text23       00355
__end_of_I2C1_SlaveSetSlaveAddr                 text22       00377
__end_of_I2C1_SlaveSetSlaveMask                 text21       00372
__end_of_I2C1_SlaveSetWrColIntHandler           text20       0034F
__end_of_I2C1_SlaveSetWriteIntHandler           text19       00349
__end_of_I2C1_SlaveWrCallBack                   text34       002B1
__end_of_INTERRUPT_InterruptManager             intentry     0004F
__end_of_OSCILLATOR_Initialize                  text10       002E1
__end_of_PIN_MANAGER_Initialize                 text9        00247
__end_of_PMD_Initialize                         text8        002FB
__end_of_SYSTEM_Initialize                      text5        00288
__end_of_TMR0_DefaultInterruptHandler           text31       003A3
__end_of_TMR0_ISR                               text30       00297
__end_of_TMR0_Initialize                        text6        00275
__end_of_TMR0_SetInterruptHandler               text7        00325
__end_of__initialization                        cinit        0005E
__end_of_incRippleCount                         text32       0036D
__end_of_main                                   maintext     0012F
__end_of_measureLocation                        text2        002D7
__end_of_task_list_1min                         text1        0038A
__initialization                                cinit        00050
__pbssBANK0                                     bssBANK0     00020
__pbssCOMMON                                    bssCOMMON    00070
__pcstackBANK0                                  cstackBANK0  0005D
__pcstackCOMMON                                 cstackCOMMON 00076
__pintentry                                     intentry     00004
__pmaintext                                     maintext     000D6
__pnvBANK0                                      nvBANK0      0004E
__ptext1                                        text1        00386
__ptext10                                       text10       002D7
__ptext11                                       text11       002EA
__ptext12                                       text12       0012F
__ptext13                                       text13       00325
__ptext14                                       text14       0032B
__ptext15                                       text15       00331
__ptext16                                       text16       00337
__ptext17                                       text17       0033D
__ptext18                                       text18       0016F
__ptext19                                       text19       00343
__ptext2                                        text2        002CB
__ptext20                                       text20       00349
__ptext21                                       text21       0036D
__ptext22                                       text22       00372
__ptext23                                       text23       0034F
__ptext24                                       text24       00355
__ptext25                                       text25       0035B
__ptext26                                       text26       00361
__ptext27                                       text27       00297
__ptext28                                       text28       00396
__ptext3                                        text3        002E1
__ptext30                                       text30       00288
__ptext31                                       text31       003A2
__ptext32                                       text32       00367
__ptext33                                       text33       00061
__ptext34                                       text34       002A4
__ptext35                                       text35       00377
__ptext36                                       text36       0037C
__ptext37                                       text37       00399
__ptext38                                       text38       002B1
__ptext39                                       text39       002FB
__ptext4                                        text4        001E1
__ptext40                                       text40       0030B
__ptext41                                       text41       0038A
__ptext42                                       text42       00381
__ptext43                                       text43       00312
__ptext44                                       text44       0039C
__ptext45                                       text45       002BE
__ptext46                                       text46       00303
__ptext47                                       text47       0039F
__ptext48                                       text48       0020B
__ptext49                                       text49       001A8
__ptext5                                        text5        00275
__ptext50                                       text50       0038E
__ptext51                                       text51       003A3
__ptext52                                       text52       00392
__ptext53                                       text53       00247
__ptext6                                        text6        00261
__ptext7                                        text7        0031F
__ptext8                                        text8        002F3
__ptext9                                        text9        0022D
__size_of_EUSART1_DefaultErrorHandler           (abs)        00000
__size_of_EUSART1_DefaultFramingErrorHandler    (abs)        00000
__size_of_EUSART1_DefaultOverrunErrorHandler    (abs)        00000
__size_of_EUSART1_Initialize                    (abs)        00000
__size_of_EUSART1_Read                          (abs)        00000
__size_of_EUSART1_Receive_ISR                   (abs)        00000
__size_of_EUSART1_RxDataHandler                 (abs)        00000
__size_of_EUSART1_SetErrorHandler               (abs)        00000
__size_of_EUSART1_SetFramingErrorHandler        (abs)        00000
__size_of_EUSART1_SetOverrunErrorHandler        (abs)        00000
__size_of_EUSART1_SetRxInterruptHandler         (abs)        00000
__size_of_EUSART1_SetTxInterruptHandler         (abs)        00000
__size_of_EUSART1_Transmit_ISR                  (abs)        00000
__size_of_EUSART1_is_tx_ready                   (abs)        00000
__size_of_I2C1_Initialize                       (abs)        00000
__size_of_I2C1_Isr                              (abs)        00000
__size_of_I2C1_Open                             (abs)        00000
__size_of_I2C1_SlaveAddrCallBack                (abs)        00000
__size_of_I2C1_SlaveClearIrq                    (abs)        00000
__size_of_I2C1_SlaveDefAddrInterruptHandler     (abs)        00000
__size_of_I2C1_SlaveDefRdInterruptHandler       (abs)        00000
__size_of_I2C1_SlaveDefWrInterruptHandler       (abs)        00000
__size_of_I2C1_SlaveEnableIrq                   (abs)        00000
__size_of_I2C1_SlaveGetRxData                   (abs)        00000
__size_of_I2C1_SlaveIsAddr                      (abs)        00000
__size_of_I2C1_SlaveIsRead                      (abs)        00000
__size_of_I2C1_SlaveIsRxBufFull                 (abs)        00000
__size_of_I2C1_SlaveIsTxBufEmpty                (abs)        00000
__size_of_I2C1_SlaveOpen                        (abs)        00000
__size_of_I2C1_SlaveRdCallBack                  (abs)        00000
__size_of_I2C1_SlaveReleaseClock                (abs)        00000
__size_of_I2C1_SlaveSendTxData                  (abs)        00000
__size_of_I2C1_SlaveSetAddrIntHandler           (abs)        00000
__size_of_I2C1_SlaveSetBusColIntHandler         (abs)        00000
__size_of_I2C1_SlaveSetIsrHandler               (abs)        00000
__size_of_I2C1_SlaveSetReadIntHandler           (abs)        00000
__size_of_I2C1_SlaveSetSlaveAddr                (abs)        00000
__size_of_I2C1_SlaveSetSlaveMask                (abs)        00000
__size_of_I2C1_SlaveSetWrColIntHandler          (abs)        00000
__size_of_I2C1_SlaveSetWriteIntHandler          (abs)        00000
__size_of_I2C1_SlaveWrCallBack                  (abs)        00000
__size_of_INTERRUPT_InterruptManager            (abs)        00000
__size_of_OSCILLATOR_Initialize                 (abs)        00000
__size_of_PIN_MANAGER_Initialize                (abs)        00000
__size_of_PMD_Initialize                        (abs)        00000
__size_of_SYSTEM_Initialize                     (abs)        00000
__size_of_TMR0_DefaultInterruptHandler          (abs)        00000
__size_of_TMR0_ISR                              (abs)        00000
__size_of_TMR0_Initialize                       (abs)        00000
__size_of_TMR0_SetInterruptHandler              (abs)        00000
__size_of_incRippleCount                        (abs)        00000
__size_of_main                                  (abs)        00000
__size_of_measureLocation                       (abs)        00000
__size_of_task_list_1min                        (abs)        00000
_eusart1RxBuffer                                bssBANK0     00028
_eusart1RxCount                                 bssBANK0     00049
_eusart1RxHead                                  bssCOMMON    00071
_eusart1RxLastError                             bssBANK0     00048
_eusart1RxStatusBuffer                          bssBANK0     00020
_eusart1RxTail                                  bssCOMMON    00070
_eusart1TxBuffer                                bssBANK0     00030
_eusart1TxBufferRemaining                       nvBANK0      0005C
_eusart1TxHead                                  bssCOMMON    00073
_eusart1TxTail                                  bssCOMMON    00072
_i2c1RdData                                     bssBANK0     0004C
_i2c1SlaveAddr                                  bssBANK0     0004B
_i2c1SlaveState                                 bssBANK0     0004A
_i2c1WrData                                     bssCOMMON    00074
_incRippleCount                                 text32       00367
_main                                           maintext     000D6
_measureLocation                                text2        002CB
_readLocation                                   bssCOMMON    00075
_task_list_1min                                 text1        00386
_usActiveTaskGroup                              bssBANK0     00038
_usRippleCount                                  nvBANK0      0005A
_usRipplePast                                   bssBANK0     0003A
btemp                                           (abs)        0007E
clear_ram0                                      clrtext      00319
end_of_initialization                           cinit        0005E
int$flags                                       (abs)        0007E
intlevel0                                       functab      00000
intlevel1                                       functab      00000
intlevel2                                       functab      00000
intlevel3                                       functab      00000
intlevel4                                       functab      00000
intlevel5                                       functab      00000
reset_vec                                       reset_vec    00000
start                                           init         0004F
start_initialization                            cinit        00050
wtemp0                                          (abs)        0007E


MODULE INFORMATION

Module		Function		Class		Link	Load	Size
task_list_1min.c
		_task_list_1min		CODE           	0386	0000	4
		_measureLocation		CODE           	02CB	0000	12

task_list_1min.c estimated size: 16

mcc_generated_files/interrupt_manager.c
		_INTERRUPT_InterruptManager		CODE           	0004	0000	75

mcc_generated_files/interrupt_manager.c estimated size: 75

mcc_generated_files/tmr0.c
		_TMR0_SetInterruptHandler		CODE           	031F	0000	6
		_TMR0_DefaultInterruptHandler		CODE           	03A2	0000	1
		_TMR0_ISR      		CODE           	0288	0000	15
		_TMR0_Initialize		CODE           	0261	0000	20

mcc_generated_files/tmr0.c estimated size: 42

mcc_generated_files/pin_manager.c
		_PIN_MANAGER_Initialize		CODE           	022D	0000	26

mcc_generated_files/pin_manager.c estimated size: 26

mcc_generated_files/i2c1_slave.c
		_I2C1_SlaveSetReadIntHandler		CODE           	034F	0000	6
		_I2C1_SlaveDefAddrInterruptHandler		CODE           	0303	0000	8
		_I2C1_SlaveSetAddrIntHandler		CODE           	0361	0000	6
		_I2C1_SlaveIsRead		CODE           	0381	0000	5
		_I2C1_SlaveSetIsrHandler		CODE           	0355	0000	6
		_I2C1_SlaveIsAddr		CODE           	0312	0000	7
		_I2C1_SlaveEnableIrq		CODE           	0396	0000	3
		_I2C1_SlaveDefRdInterruptHandler		CODE           	02FB	0000	8
		_I2C1_SlaveDefWrInterruptHandler		CODE           	0377	0000	5
		_I2C1_SlaveOpen		CODE           	0297	0000	13
		_I2C1_SlaveSendTxData		CODE           	037C	0000	5
		_I2C1_SlaveSetSlaveAddr		CODE           	0372	0000	5
		_I2C1_SlaveRdCallBack		CODE           	02B1	0000	13
		_I2C1_SlaveWrCallBack		CODE           	02A4	0000	13
		_I2C1_Isr      		CODE           	0061	0000	117
		_I2C1_Open     		CODE           	016F	0000	57
		_I2C1_SlaveAddrCallBack		CODE           	02BE	0000	13
		_I2C1_Initialize		CODE           	02EA	0000	9
		_I2C1_SlaveSetWrColIntHandler		CODE           	0349	0000	6
		_I2C1_SlaveIsTxBufEmpty		CODE           	030B	0000	7
		_I2C1_SlaveIsRxBufFull		CODE           	038A	0000	4
		_I2C1_SlaveClearIrq		CODE           	039C	0000	3
		_I2C1_SlaveGetRxData		CODE           	039F	0000	3
		_I2C1_SlaveSetWriteIntHandler		CODE           	0343	0000	6
		_I2C1_SlaveSetBusColIntHandler		CODE           	035B	0000	6
		_I2C1_SlaveReleaseClock		CODE           	0399	0000	3
		_I2C1_SlaveSetSlaveMask		CODE           	036D	0000	5

mcc_generated_files/i2c1_slave.c estimated size: 342

event_mgr.c
		_incRippleCount		CODE           	0367	0000	6

event_mgr.c estimated size: 6

shared
		__initialization		CODE           	0050	0000	14

shared estimated size: 14

mcc_generated_files/eusart1.c
		_EUSART1_SetRxInterruptHandler		CODE           	032B	0000	6
		_EUSART1_SetTxInterruptHandler		CODE           	0325	0000	6
		_EUSART1_is_tx_ready		CODE           	02E1	0000	9
		_EUSART1_Initialize		CODE           	012F	0000	64
		_EUSART1_DefaultErrorHandler		CODE           	0392	0000	4
		_EUSART1_SetFramingErrorHandler		CODE           	0337	0000	6
		_EUSART1_Read  		CODE           	01E1	0000	42
		_EUSART1_SetOverrunErrorHandler		CODE           	0331	0000	6
		_EUSART1_SetErrorHandler		CODE           	033D	0000	6
		_EUSART1_Receive_ISR		CODE           	01A8	0000	57
		_EUSART1_RxDataHandler		CODE           	0247	0000	26
		_EUSART1_DefaultOverrunErrorHandler		CODE           	038E	0000	4
		_EUSART1_Transmit_ISR		CODE           	020B	0000	34
		_EUSART1_DefaultFramingErrorHandler		CODE           	03A3	0000	1

mcc_generated_files/eusart1.c estimated size: 271

mcc_generated_files/mcc.c
		_PMD_Initialize		CODE           	02F3	0000	8
		_OSCILLATOR_Initialize		CODE           	02D7	0000	10
		_SYSTEM_Initialize		CODE           	0275	0000	19

mcc_generated_files/mcc.c estimated size: 37

main.c
		_main          		CODE           	00D6	0000	89

main.c estimated size: 89

