MPLINK 5.09, LINKER
Linker Map File - Created Wed Sep 29 16:57:53 2021

                                 Section Info
                  Section       Type    Address   Location Size(Bytes)
                ---------  ---------  ---------  ---------  ---------
                 RES_VECT       code   0x000000    program   0x000002
                   .cinit    romdata   0x000001    program   0x000004
                MAIN_PROG       code   0x000003    program   0x000082
.config_8007_BUILD/DEFAULT/PRODUCTION/PRACTIC       code   0x008007    program   0x000002
.config_8008_BUILD/DEFAULT/PRODUCTION/PRACTIC       code   0x008008    program   0x000002
.config_8009_BUILD/DEFAULT/PRODUCTION/PRACTIC       code   0x008009    program   0x000002
.config_800A_BUILD/DEFAULT/PRODUCTION/PRACTIC       code   0x00800a    program   0x000002
.config_800B_BUILD/DEFAULT/PRODUCTION/PRACTIC       code   0x00800b    program   0x000002
                   .udata      udata   0x000020       data   0x00000d



                              Program Memory Usage 
                               Start         End      
                           ---------   ---------      
                            0x000000    0x000043      
                            0x008007    0x00800b      
            73 out of 2058 program addresses used, program memory utilization is 3%



                              Symbols - Sorted by Name
                     Name    Address   Location    Storage File                     
                ---------  ---------  ---------  --------- ---------                
                     LOOP   0x000022    program     static C:\Users\lisse\Desktop\M.C.C\Cuatrimestre 1\Arquitectura de microcomputadoras\Unidad 1.   Introducción a los procesadores y a los microcontroladores\Practica_1A_HelloWorld.X\Practica_1_HelloWorld.asm
                    SETUP   0x000006    program     static C:\Users\lisse\Desktop\M.C.C\Cuatrimestre 1\Arquitectura de microcomputadoras\Unidad 1.   Introducción a los procesadores y a los microcontroladores\Practica_1A_HelloWorld.X\Practica_1_HelloWorld.asm
                    START   0x000003    program     static C:\Users\lisse\Desktop\M.C.C\Cuatrimestre 1\Arquitectura de microcomputadoras\Unidad 1.   Introducción a los procesadores y a los microcontroladores\Practica_1A_HelloWorld.X\Practica_1_HelloWorld.asm
          _MAIN_PROG_0034   0x000037    program     static C:\Users\lisse\Desktop\M.C.C\Cuatrimestre 1\Arquitectura de microcomputadoras\Unidad 1.   Introducción a los procesadores y a los microcontroladores\Practica_1A_HelloWorld.X\Practica_1_HelloWorld.asm
                    copia   0x00002e    program     static C:\Users\lisse\Desktop\M.C.C\Cuatrimestre 1\Arquitectura de microcomputadoras\Unidad 1.   Introducción a los procesadores y a los microcontroladores\Practica_1A_HelloWorld.X\Practica_1_HelloWorld.asm
                     done   0x000038    program     static C:\Users\lisse\Desktop\M.C.C\Cuatrimestre 1\Arquitectura de microcomputadoras\Unidad 1.   Introducción a los procesadores y a los microcontroladores\Practica_1A_HelloWorld.X\Practica_1_HelloWorld.asm
                   limpia   0x00001d    program     static C:\Users\lisse\Desktop\M.C.C\Cuatrimestre 1\Arquitectura de microcomputadoras\Unidad 1.   Introducción a los procesadores y a los microcontroladores\Practica_1A_HelloWorld.X\Practica_1_HelloWorld.asm
             loop_forever   0x000004    program     static C:\Users\lisse\Desktop\M.C.C\Cuatrimestre 1\Arquitectura de microcomputadoras\Unidad 1.   Introducción a los procesadores y a los microcontroladores\Practica_1A_HelloWorld.X\Practica_1_HelloWorld.asm
                   origen   0x000039    program     static C:\Users\lisse\Desktop\M.C.C\Cuatrimestre 1\Arquitectura de microcomputadoras\Unidad 1.   Introducción a los procesadores y a los microcontroladores\Practica_1A_HelloWorld.X\Practica_1_HelloWorld.asm
                   cuenta   0x00002b       data     static C:\Users\lisse\Desktop\M.C.C\Cuatrimestre 1\Arquitectura de microcomputadoras\Unidad 1.   Introducción a los procesadores y a los microcontroladores\Practica_1A_HelloWorld.X\Practica_1_HelloWorld.asm
                  destino   0x000020       data     static C:\Users\lisse\Desktop\M.C.C\Cuatrimestre 1\Arquitectura de microcomputadoras\Unidad 1.   Introducción a los procesadores y a los microcontroladores\Practica_1A_HelloWorld.X\Practica_1_HelloWorld.asm
                     temp   0x00002c       data     static C:\Users\lisse\Desktop\M.C.C\Cuatrimestre 1\Arquitectura de microcomputadoras\Unidad 1.   Introducción a los procesadores y a los microcontroladores\Practica_1A_HelloWorld.X\Practica_1_HelloWorld.asm



                              Symbols - Sorted by Address
                     Name    Address   Location    Storage File                     
                ---------  ---------  ---------  --------- ---------                
                    START   0x000003    program     static C:\Users\lisse\Desktop\M.C.C\Cuatrimestre 1\Arquitectura de microcomputadoras\Unidad 1.   Introducción a los procesadores y a los microcontroladores\Practica_1A_HelloWorld.X\Practica_1_HelloWorld.asm
             loop_forever   0x000004    program     static C:\Users\lisse\Desktop\M.C.C\Cuatrimestre 1\Arquitectura de microcomputadoras\Unidad 1.   Introducción a los procesadores y a los microcontroladores\Practica_1A_HelloWorld.X\Practica_1_HelloWorld.asm
                    SETUP   0x000006    program     static C:\Users\lisse\Desktop\M.C.C\Cuatrimestre 1\Arquitectura de microcomputadoras\Unidad 1.   Introducción a los procesadores y a los microcontroladores\Practica_1A_HelloWorld.X\Practica_1_HelloWorld.asm
                   limpia   0x00001d    program     static C:\Users\lisse\Desktop\M.C.C\Cuatrimestre 1\Arquitectura de microcomputadoras\Unidad 1.   Introducción a los procesadores y a los microcontroladores\Practica_1A_HelloWorld.X\Practica_1_HelloWorld.asm
                     LOOP   0x000022    program     static C:\Users\lisse\Desktop\M.C.C\Cuatrimestre 1\Arquitectura de microcomputadoras\Unidad 1.   Introducción a los procesadores y a los microcontroladores\Practica_1A_HelloWorld.X\Practica_1_HelloWorld.asm
                    copia   0x00002e    program     static C:\Users\lisse\Desktop\M.C.C\Cuatrimestre 1\Arquitectura de microcomputadoras\Unidad 1.   Introducción a los procesadores y a los microcontroladores\Practica_1A_HelloWorld.X\Practica_1_HelloWorld.asm
          _MAIN_PROG_0034   0x000037    program     static C:\Users\lisse\Desktop\M.C.C\Cuatrimestre 1\Arquitectura de microcomputadoras\Unidad 1.   Introducción a los procesadores y a los microcontroladores\Practica_1A_HelloWorld.X\Practica_1_HelloWorld.asm
                     done   0x000038    program     static C:\Users\lisse\Desktop\M.C.C\Cuatrimestre 1\Arquitectura de microcomputadoras\Unidad 1.   Introducción a los procesadores y a los microcontroladores\Practica_1A_HelloWorld.X\Practica_1_HelloWorld.asm
                   origen   0x000039    program     static C:\Users\lisse\Desktop\M.C.C\Cuatrimestre 1\Arquitectura de microcomputadoras\Unidad 1.   Introducción a los procesadores y a los microcontroladores\Practica_1A_HelloWorld.X\Practica_1_HelloWorld.asm
                  destino   0x000020       data     static C:\Users\lisse\Desktop\M.C.C\Cuatrimestre 1\Arquitectura de microcomputadoras\Unidad 1.   Introducción a los procesadores y a los microcontroladores\Practica_1A_HelloWorld.X\Practica_1_HelloWorld.asm
                   cuenta   0x00002b       data     static C:\Users\lisse\Desktop\M.C.C\Cuatrimestre 1\Arquitectura de microcomputadoras\Unidad 1.   Introducción a los procesadores y a los microcontroladores\Practica_1A_HelloWorld.X\Practica_1_HelloWorld.asm
                     temp   0x00002c       data     static C:\Users\lisse\Desktop\M.C.C\Cuatrimestre 1\Arquitectura de microcomputadoras\Unidad 1.   Introducción a los procesadores y a los microcontroladores\Practica_1A_HelloWorld.X\Practica_1_HelloWorld.asm


