Microchip MPLAB XC8 Compiler V1.34 ()

Linker command line:

-W-3 --edf=C:\Program Files (x86)\Microchip\xc8\v1.34\dat\en_msgs.txt -cs \
  -h+dist/default/production\SIM900_GSM.X.production.sym \
  --cmf=dist/default/production\SIM900_GSM.X.production.cmf -z -Q18F4550 \
  -oC:\Users\Shubh\AppData\Local\Temp\s7f4.6 \
  -Mdist/default/production/SIM900_GSM.X.production.map -E1 -ver=XC8 \
  -ASTACK=01A0h-07ffh -pstack=STACK -ACODE=00h-07FFFh -ACONST=00h-07FFFh \
  -ASMALLCONST=0800h-08FFhx120 -AMEDIUMCONST=0800h-07FFFh -ACOMRAM=01h-05Fh \
  -AABS1=00h-07FFh -ABIGRAM=01h-07FFh -ARAM=060h-0FFh,0100h-01FFhx7 \
  -ABANK0=060h-0FFh -ABANK1=0100h-01FFh -ABANK2=0200h-02FFh \
  -ABANK3=0300h-03FFh -ABANK4=0400h-04FFh -ABANK5=0500h-05FFh \
  -ABANK6=0600h-06FFh -ABANK7=0700h-07FFh -ASFR=0F60h-0FFFh \
  -preset_vec=00h,intcode=08h,intcodelo,powerup,init,end_init \
  -pramtop=0800h -psmallconst=SMALLCONST -pmediumconst=MEDIUMCONST \
  -pconst=CONST -AFARRAM=00h-00h -ACONFIG=0300000h-030000Dh -pconfig=CONFIG \
  -AIDLOC=0200000h-0200007h -pidloc=IDLOC -AEEDATA=0F00000h-0F000FFh \
  -peeprom_data=EEDATA \
  -prdata=COMRAM,nvrram=COMRAM,nvbit=COMRAM,rbss=COMRAM,rbit=COMRAM \
  -pfarbss=FARRAM,fardata=FARRAM,nvFARRAM=FARRAM \
  -pintsave_regs=BIGRAM,bigbss=BIGRAM,bigdata=BIGRAM -pbss=RAM \
  -pidata=CODE,irdata=CODE,ibigdata=CODE,ifardata=CODE -prparam=COMRAM \
  C:\Users\Shubh\AppData\Local\Temp\s7f4.obj \
  dist/default/production\SIM900_GSM.X.production.obj 

Object code version is 3.11

Machine type is 18F4550

Call graph: (short form)




                Name                               Link     Load   Length Selector   Space Scale
C:\Users\Shubh\AppData\Local\Temp\s7f4.obj
                end_init                             18       18        4        4       0
                reset_vec                             0        0        4        0       0
                idloc                            200000   200000        8   200000       0
                config                           300000   300000        E   300000       0
dist/default/production\SIM900_GSM.X.production.obj
                intcode                               8        8       10        4       0
                smallconst                          800      800       D4      400       0
                intcode_body                       1784     1784       92      46A       0
                text34                             1BB2     1BB2       3E      46A       0
                text33                             1D6C     1D6C       1C      46A       0
                text32                             1D50     1D50       1C      46A       0
                text31                             1CBE     1CBE       2C      46A       0
                text30                             1BF0     1BF0       3A      46A       0
                text29                             1C90     1C90       2E      46A       0
                text28                             1A7A     1A7A       56      46A       0
                text27                             149C     149C       C4      46A       0
                text26                             16D4     16D4       B0      46A       0
                text25                             18A2     18A2       86      46A       0
                text24                              F20      F20      118      46A       0
                text23                             1D96     1D96        8      46A       0
                text22                             1D88     1D88        E      46A       0
                text21                             1AD0     1AD0       54      46A       0
                text20                             1C2A     1C2A       38      46A       0
                text19                             1816     1816       8C      46A       0
                text18                             1622     1622       B2      46A       0
                text17                             1A1E     1A1E       5C      46A       0
                text16                             1B24     1B24       4C      46A       0
                text15                              8D4      8D4      1D0      46A       0
                text14                             1038     1038      102      46A       0
                text13                              DC8      DC8      158      46A       0
                text12                             1B70     1B70       42      46A       0
                text11                             1CEA     1CEA       28      46A       0
                text10                             1D12     1D12       22      46A       0
                text9                              1302     1302       D4      46A       0
                text8                               C68      C68      160      46A       0
                text7                              1C62     1C62       2E      46A       0
                text6                              13D6     13D6       C6      46A       0
                text5                              1928     1928       7C      46A       0
                text4                               AA4      AA4      1C4      46A       0
                text3                              1220     1220       E2      46A       0
                text2                              113A     113A       E6      46A       0
                text1                              19A4     19A4       7A      46A       0
                text0                              1560     1560       C2      46A       0
                cstackCOMRAM                          1        1       42        1       1
                cstackBANK0                          60       60       23       60       1
                bssBANK1                            100      100       A0      100       1
                bssCOMRAM                            43       43        3        1       1
                cinit                              1D34     1D34       1C      46A       0

TOTAL           Name                               Link     Load   Length     Space
        CLASS   STACK          

        CLASS   CODE           
                end_init                             18       18        4         0
                intcode                               8        8       10         0
                reset_vec                             0        0        4         0
                intcode_body                       1784     1784       92         0
                text34                             1BB2     1BB2       3E         0
                text33                             1D6C     1D6C       1C         0
                text32                             1D50     1D50       1C         0
                text31                             1CBE     1CBE       2C         0
                text30                             1BF0     1BF0       3A         0
                text29                             1C90     1C90       2E         0
                text28                             1A7A     1A7A       56         0
                text27                             149C     149C       C4         0
                text26                             16D4     16D4       B0         0
                text25                             18A2     18A2       86         0
                text24                              F20      F20      118         0
                text23                             1D96     1D96        8         0
                text22                             1D88     1D88        E         0
                text21                             1AD0     1AD0       54         0
                text20                             1C2A     1C2A       38         0
                text19                             1816     1816       8C         0
                text18                             1622     1622       B2         0
                text17                             1A1E     1A1E       5C         0
                text16                             1B24     1B24       4C         0
                text15                              8D4      8D4      1D0         0
                text14                             1038     1038      102         0
                text13                              DC8      DC8      158         0
                text12                             1B70     1B70       42         0
                text11                             1CEA     1CEA       28         0
                text10                             1D12     1D12       22         0
                text9                              1302     1302       D4         0
                text8                               C68      C68      160         0
                text7                              1C62     1C62       2E         0
                text6                              13D6     13D6       C6         0
                text5                              1928     1928       7C         0
                text4                               AA4      AA4      1C4         0
                text3                              1220     1220       E2         0
                text2                              113A     113A       E6         0
                text1                              19A4     19A4       7A         0
                text0                              1560     1560       C2         0
                cinit                              1D34     1D34       1C         0

        CLASS   CONST          

        CLASS   SMALLCONST     
                smallconst                          800      800       D4         0

        CLASS   MEDIUMCONST    

        CLASS   COMRAM         
                cstackCOMRAM                          1        1       42         1
                bssCOMRAM                            43       43        3         1

        CLASS   ABS1           

        CLASS   BIGRAM         

        CLASS   RAM            

        CLASS   BANK0          
                cstackBANK0                          60       60       23         1

        CLASS   BANK1          
                bssBANK1                            100      100       A0         1

        CLASS   BANK2          

        CLASS   BANK3          

        CLASS   BANK4          

        CLASS   BANK5          

        CLASS   BANK6          

        CLASS   BANK7          

        CLASS   SFR            

        CLASS   FARRAM         

        CLASS   CONFIG         
                config                           300000   300000        E         0

        CLASS   IDLOC          
                idloc                            200000   200000        8         0

        CLASS   EEDATA         



SEGMENTS        Name                           Load    Length   Top    Selector   Space  Class

                reset_vec                      000000  000004  000004         0       0  CODE    
                cstackCOMRAM                   000001  000045  000046         1       1  COMRAM  
                intcode                        000008  000014  00001C         4       0  CODE    
                cstackBANK0                    000060  000023  000083        60       1  BANK0   
                bssBANK1                       000100  0000A0  0001A0       100       1  BANK1   
                smallconst                     000800  0000D4  0008D4       400       0  SMALLCON
                text15                         0008D4  0014CA  001D9E       46A       0  CODE    
                idloc                          200000  000008  200008    200000       0  IDLOC   
                config                         300000  00000E  30000E    300000       0  CONFIG  


UNUSED ADDRESS RANGES

        Name                Unused          Largest block    Delta
        BANK0            000083-0000FF               7D
        BANK1            0001A0-0001FF               60
        BANK2            000200-0002FF              100
        BANK3            000300-0003FF              100
        BANK4            000400-0004FF              100
        BANK5            000500-0005FF              100
        BANK6            000600-0006FF              100
        BANK7            000700-0007FF              100
        BIGRAM           000046-00005F               1A
                         000083-0000FF               7D
                         0001A0-0007FF              660
        CODE             000004-000007                4
                         00001C-0007FF              7E4
                         001D9E-007FFF             6262
        COMRAM           000046-00005F               1A
        CONST            000004-000007                4
                         00001C-0007FF              7E4
                         001D9E-007FFF             6262
        EEDATA           F00000-F000FF              100
        MEDIUMCONST      001D9E-007FFF             6262
        RAM              000083-0000FF               7D
                         0001A0-0007FF              100
        SFR              000F60-000FFF               A0
        SMALLCONST       001D9E-007FFF              100
        STACK            0001A0-0007FF              660

                                  Symbol Table

?___altoft                     cstackCOMRAM 000017
?___ftadd                      cstackCOMRAM 000030
?___ftdiv                      cstackCOMRAM 000021
?___ftpack                     cstackCOMRAM 00000F
?___fttol                      cstackCOMRAM 00000F
?___lwdiv                      cstackCOMRAM 00000F
?___lwmod                      cstackCOMRAM 000016
?___wmul                       cstackCOMRAM 00000F
?_atoi                         cstackCOMRAM 000015
?_sprintf                      cstackCOMRAM 00001B
?_strchr                       cstackCOMRAM 00000F
?_strlen                       cstackCOMRAM 00000F
?_strncmp                      cstackCOMRAM 000015
?_strstr                       cstackCOMRAM 00001E
GSM_Msg_Display@i              cstackCOMRAM 000027
GSM_Msg_Read@i                 cstackCOMRAM 00002D
GSM_Msg_Read@position          cstackCOMRAM 00002B
GSM_Msg_Read@read_cmd          cstackCOMRAM 00002F
GSM_Response@CRLF_Found        cstackCOMRAM 00001F
GSM_Response@CRLF_buff         cstackCOMRAM 000025
GSM_Response@Response_Length   cstackCOMRAM 000027
GSM_Response@i                 cstackCOMRAM 000023
GSM_Response@timeout           cstackCOMRAM 000021
GSM_Send_Msg@num               cstackCOMRAM 00002B
GSM_Send_Msg@sms               cstackCOMRAM 00002D
GSM_Send_Msg@sms_buffer        cstackBANK0  000060
GSM_Wait_for_Msg@i             cstackCOMRAM 00003E
GSM_Wait_for_Msg@position      cstackCOMRAM 00003F
GSM_Wait_for_Msg@val           cstackCOMRAM 00003A
LCD_Char@dat                   cstackCOMRAM 000015
LCD_Command@cmd                cstackCOMRAM 000015
LCD_String@msg                 cstackCOMRAM 000016
LCD_String_xy@location         cstackCOMRAM 00001C
LCD_String_xy@msg              cstackCOMRAM 000019
LCD_String_xy@pos              cstackCOMRAM 000018
LCD_String_xy@row              cstackCOMRAM 00001B
MSdelay@i                      cstackCOMRAM 000011
MSdelay@j                      cstackCOMRAM 000013
MSdelay@val                    cstackCOMRAM 00000F
USART_Init@baud_rate           cstackCOMRAM 00003C
USART_Init@temp                cstackCOMRAM 000040
USART_SendString@out           cstackCOMRAM 000010
USART_TxChar@out               cstackCOMRAM 00000F
_CREN                          (abs)        007D5C
_GSM_Init                      text18       001622
_GSM_Msg_Display               text13       000DC8
_GSM_Msg_Read                  text12       001B70
_GSM_Response                  text24       000F20
_GSM_Response_Display          text27       00149C
_GSM_Send_Msg                  text14       001038
_GSM_Wait_for_Msg              text8        000C68
_INTCONbits                    (abs)        000FF2
_ISR                           intcode      000008
_LATB                          (abs)        000F8A
_LATD0                         (abs)        007C60
_LATD1                         (abs)        007C61
_LCD_Char                      text32       001D50
_LCD_Clear                     text23       001D96
_LCD_Command                   text33       001D6C
_LCD_Init                      text7        001C62
_LCD_String                    text31       001CBE
_LCD_String_xy                 text30       001BF0
_MSdelay                       text34       001BB2
_OSCCON                        (abs)        000FD3
_PIE1bits                      (abs)        000F9D
_RCIF                          (abs)        007CF5
_RCREG                         (abs)        000FAE
_RCSTA                         (abs)        000FAB
_RCSTAbits                     (abs)        000FAB
_SPBRG                         (abs)        000FAF
_TRISB                         (abs)        000F93
_TRISC6                        (abs)        007CA6
_TRISC7                        (abs)        007CA7
_TRISD                         (abs)        000F95
_TXIF                          (abs)        007CF4
_TXREG                         (abs)        000FAD
_TXSTA                         (abs)        000FAC
_USART_Init                    text1        0019A4
_USART_SendString              text21       001AD0
_USART_TxChar                  text22       001D88
__CFG_BOR$ON                   (abs)        000000
__CFG_BORV$3                   (abs)        000000
__CFG_CCP2MX$OFF               (abs)        000000
__CFG_CP0$OFF                  (abs)        000000
__CFG_CP1$OFF                  (abs)        000000
__CFG_CP2$OFF                  (abs)        000000
__CFG_CP3$OFF                  (abs)        000000
__CFG_CPB$OFF                  (abs)        000000
__CFG_CPD$OFF                  (abs)        000000
__CFG_CPUDIV$OSC1_PLL2         (abs)        000000
__CFG_EBTR0$OFF                (abs)        000000
__CFG_EBTR1$OFF                (abs)        000000
__CFG_EBTR2$OFF                (abs)        000000
__CFG_EBTR3$OFF                (abs)        000000
__CFG_EBTRB$OFF                (abs)        000000
__CFG_FCMEN$OFF                (abs)        000000
__CFG_FOSC$INTOSC_EC           (abs)        000000
__CFG_ICPRT$OFF                (abs)        000000
__CFG_IESO$OFF                 (abs)        000000
__CFG_LPT1OSC$OFF              (abs)        000000
__CFG_LVP$OFF                  (abs)        000000
__CFG_MCLRE$OFF                (abs)        000000
__CFG_PBADEN$OFF               (abs)        000000
__CFG_PLLDIV$1                 (abs)        000000
__CFG_PWRT$OFF                 (abs)        000000
__CFG_STVREN$ON                (abs)        000000
__CFG_USBDIV$1                 (abs)        000000
__CFG_VREGEN$OFF               (abs)        000000
__CFG_WDT$OFF                  (abs)        000000
__CFG_WDTPS$32768              (abs)        000000
__CFG_WRT0$OFF                 (abs)        000000
__CFG_WRT1$OFF                 (abs)        000000
__CFG_WRT2$OFF                 (abs)        000000
__CFG_WRT3$OFF                 (abs)        000000
__CFG_WRTB$OFF                 (abs)        000000
__CFG_WRTC$OFF                 (abs)        000000
__CFG_WRTD$OFF                 (abs)        000000
__CFG_XINST$OFF                (abs)        000000
__HRAM                         (abs)        000000
__Habs1                        abs1         000000
__Hbank0                       bank0        000000
__Hbank1                       bank1        000000
__Hbank2                       bank2        000000
__Hbank3                       bank3        000000
__Hbank4                       bank4        000000
__Hbank5                       bank5        000000
__Hbank6                       bank6        000000
__Hbank7                       bank7        000000
__Hbigbss                      bigbss       000000
__Hbigdata                     bigdata      000000
__Hbigram                      bigram       000000
__Hbss                         bss          000000
__HbssBANK1                    bssBANK1     000000
__HbssCOMRAM                   bssCOMRAM    000000
__Hcinit                       cinit        000000
__Hclrtext                     clrtext      000000
__Hcomram                      comram       000000
__Hconfig                      config       30000E
__Hconst                       const        000000
__HcstackBANK0                 cstackBANK0  000000
__HcstackCOMRAM                cstackCOMRAM 000000
__Hdata                        data         000000
__Heeprom_data                 eeprom_data  000000
__Hend_init                    end_init     00001C
__Hfarbss                      farbss       000000
__Hfardata                     fardata      000000
__Hibigdata                    ibigdata     000000
__Hidata                       idata        000000
__Hidloc                       idloc        200008
__Hifardata                    ifardata     000000
__Hinit                        init         000018
__Hintcode                     intcode      000018
__Hintcode_body                intcode_body 000000
__Hintcodelo                   intcodelo    000018
__Hintentry                    intentry     000000
__Hintret                      intret       000000
__Hintsave_regs                intsave_regs 000000
__Hirdata                      irdata       000000
__Hmediumconst                 mediumconst  000000
__HnvFARRAM                    nvFARRAM     000000
__Hnvbit                       nvbit        000000
__Hnvrram                      nvrram       000000
__Hparam                       rparam       000000
__Hpowerup                     powerup      000018
__Hram                         ram          000000
__Hramtop                      ramtop       000800
__Hrbit                        rbit         000000
__Hrbss                        rbss         000000
__Hrdata                       rdata        000000
__Hreset_vec                   reset_vec    000004
__Hrparam                      rparam       000000
__Hsfr                         sfr          000000
__Hsmallconst                  smallconst   0008D4
__Hspace_0                     (abs)        30000E
__Hspace_1                     (abs)        0001A0
__Hspace_2                     (abs)        000000
__Hstack                       stack        000000
__Hstruct                      struct       000000
__Htemp                        temp         000000
__Htext                        text         000000
__Htext0                       text0        000000
__Htext1                       text1        000000
__Htext10                      text10       000000
__Htext11                      text11       000000
__Htext12                      text12       000000
__Htext13                      text13       000000
__Htext14                      text14       000000
__Htext15                      text15       000000
__Htext16                      text16       000000
__Htext17                      text17       000000
__Htext18                      text18       000000
__Htext19                      text19       000000
__Htext2                       text2        000000
__Htext20                      text20       000000
__Htext21                      text21       000000
__Htext22                      text22       000000
__Htext23                      text23       000000
__Htext24                      text24       000000
__Htext25                      text25       000000
__Htext26                      text26       000000
__Htext27                      text27       000000
__Htext28                      text28       000000
__Htext29                      text29       000000
__Htext3                       text3        000000
__Htext30                      text30       000000
__Htext31                      text31       000000
__Htext32                      text32       000000
__Htext33                      text33       000000
__Htext34                      text34       000000
__Htext4                       text4        000000
__Htext5                       text5        000000
__Htext6                       text6        000000
__Htext7                       text7        000000
__Htext8                       text8        000000
__Htext9                       text9        000000
__LRAM                         (abs)        000001
__Labs1                        abs1         000000
__Lbank0                       bank0        000000
__Lbank1                       bank1        000000
__Lbank2                       bank2        000000
__Lbank3                       bank3        000000
__Lbank4                       bank4        000000
__Lbank5                       bank5        000000
__Lbank6                       bank6        000000
__Lbank7                       bank7        000000
__Lbigbss                      bigbss       000000
__Lbigdata                     bigdata      000000
__Lbigram                      bigram       000000
__Lbss                         bss          000000
__LbssBANK1                    bssBANK1     000000
__LbssCOMRAM                   bssCOMRAM    000000
__Lcinit                       cinit        000000
__Lclrtext                     clrtext      000000
__Lcomram                      comram       000000
__Lconfig                      config       300000
__Lconst                       const        000000
__LcstackBANK0                 cstackBANK0  000000
__LcstackCOMRAM                cstackCOMRAM 000000
__Ldata                        data         000000
__Leeprom_data                 eeprom_data  000000
__Lend_init                    end_init     000018
__Lfarbss                      farbss       000000
__Lfardata                     fardata      000000
__Libigdata                    ibigdata     000000
__Lidata                       idata        000000
__Lidloc                       idloc        200000
__Lifardata                    ifardata     000000
__Linit                        init         000018
__Lintcode                     intcode      000008
__Lintcode_body                intcode_body 000000
__Lintcodelo                   intcodelo    000018
__Lintentry                    intentry     000000
__Lintret                      intret       000000
__Lintsave_regs                intsave_regs 000000
__Lirdata                      irdata       000000
__Lmediumconst                 mediumconst  000000
__LnvFARRAM                    nvFARRAM     000000
__Lnvbit                       nvbit        000000
__Lnvrram                      nvrram       000000
__Lparam                       rparam       000000
__Lpowerup                     powerup      000018
__Lram                         ram          000000
__Lramtop                      ramtop       000800
__Lrbit                        rbit         000000
__Lrbss                        rbss         000000
__Lrdata                       rdata        000000
__Lreset_vec                   reset_vec    000000
__Lrparam                      rparam       000000
__Lsfr                         sfr          000000
__Lsmallconst                  smallconst   000800
__Lspace_0                     (abs)        000000
__Lspace_1                     (abs)        000000
__Lspace_2                     (abs)        000000
__Lstack                       stack        000000
__Lstruct                      struct       000000
__Ltemp                        temp         000000
__Ltext                        text         000000
__Ltext0                       text0        000000
__Ltext1                       text1        000000
__Ltext10                      text10       000000
__Ltext11                      text11       000000
__Ltext12                      text12       000000
__Ltext13                      text13       000000
__Ltext14                      text14       000000
__Ltext15                      text15       000000
__Ltext16                      text16       000000
__Ltext17                      text17       000000
__Ltext18                      text18       000000
__Ltext19                      text19       000000
__Ltext2                       text2        000000
__Ltext20                      text20       000000
__Ltext21                      text21       000000
__Ltext22                      text22       000000
__Ltext23                      text23       000000
__Ltext24                      text24       000000
__Ltext25                      text25       000000
__Ltext26                      text26       000000
__Ltext27                      text27       000000
__Ltext28                      text28       000000
__Ltext29                      text29       000000
__Ltext3                       text3        000000
__Ltext30                      text30       000000
__Ltext31                      text31       000000
__Ltext32                      text32       000000
__Ltext33                      text33       000000
__Ltext34                      text34       000000
__Ltext4                       text4        000000
__Ltext5                       text5        000000
__Ltext6                       text6        000000
__Ltext7                       text7        000000
__Ltext8                       text8        000000
__Ltext9                       text9        000000
__S0                           (abs)        30000E
__S1                           (abs)        0001A0
__S2                           (abs)        000000
___altoft                      text5        001928
___altoft@c                    cstackCOMRAM 000017
___altoft@exp                  cstackCOMRAM 00001F
___altoft@sign                 cstackCOMRAM 000020
___ftadd                       text4        000AA4
___ftadd@exp1                  cstackCOMRAM 00003B
___ftadd@exp2                  cstackCOMRAM 00003A
___ftadd@f1                    cstackCOMRAM 000030
___ftadd@f2                    cstackCOMRAM 000033
___ftadd@sign                  cstackCOMRAM 000039
___ftdiv                       text3        001220
___ftdiv@cntr                  cstackCOMRAM 00002A
___ftdiv@exp                   cstackCOMRAM 00002E
___ftdiv@f1                    cstackCOMRAM 000021
___ftdiv@f2                    cstackCOMRAM 000024
___ftdiv@f3                    cstackCOMRAM 00002B
___ftdiv@sign                  cstackCOMRAM 00002F
___ftpack                      text6        0013D6
___ftpack@arg                  cstackCOMRAM 00000F
___ftpack@exp                  cstackCOMRAM 000012
___ftpack@sign                 cstackCOMRAM 000013
___fttol                       text2        00113A
___fttol@exp1                  cstackCOMRAM 00001D
___fttol@f1                    cstackCOMRAM 00000F
___fttol@lval                  cstackCOMRAM 000019
___fttol@sign1                 cstackCOMRAM 000018
___inthi_sp                    stack        000000
___intlo_sp                    stack        000000
___lwdiv                       text17       001A1E
___lwdiv@counter               cstackCOMRAM 000015
___lwdiv@dividend              cstackCOMRAM 00000F
___lwdiv@divisor               cstackCOMRAM 000011
___lwdiv@quotient              cstackCOMRAM 000013
___lwmod                       text16       001B24
___lwmod@counter               cstackCOMRAM 00001A
___lwmod@dividend              cstackCOMRAM 000016
___lwmod@divisor               cstackCOMRAM 000018
___param_bank                  (abs)        000010
___rparam_used                 (abs)        000001
___sp                          stack        000000
___wmul                        text11       001CEA
___wmul@multiplicand           cstackCOMRAM 000011
___wmul@multiplier             cstackCOMRAM 00000F
___wmul@product                cstackCOMRAM 000013
__accesstop                    (abs)        000060
__activetblptr                 (abs)        000002
__end_of_GSM_Init              text18       0016D4
__end_of_GSM_Msg_Display       text13       000F20
__end_of_GSM_Msg_Read          text12       001BB2
__end_of_GSM_Response          text24       001038
__end_of_GSM_Response_Display  text27       001560
__end_of_GSM_Send_Msg          text14       00113A
__end_of_GSM_Wait_for_Msg      text8        000DC8
__end_of_ISR                   intcode_body 001816
__end_of_LCD_Char              text32       001D6C
__end_of_LCD_Clear             text23       001D9E
__end_of_LCD_Command           text33       001D88
__end_of_LCD_Init              text7        001C90
__end_of_LCD_String            text31       001CEA
__end_of_LCD_String_xy         text30       001C2A
__end_of_MSdelay               text34       001BF0
__end_of_USART_Init            text1        001A1E
__end_of_USART_SendString      text21       001B24
__end_of_USART_TxChar          text22       001D96
__end_of___altoft              text5        0019A4
__end_of___ftadd               text4        000C68
__end_of___ftdiv               text3        001302
__end_of___ftpack              text6        00149C
__end_of___fttol               text2        001220
__end_of___lwdiv               text17       001A7A
__end_of___lwmod               text16       001B70
__end_of___wmul                text11       001D12
__end_of__initialization       cinit        001D46
__end_of_atoi                  text9        0013D6
__end_of_dpowers               smallconst   00080B
__end_of_isdigit               text10       001D34
__end_of_main                  text0        001622
__end_of_memmove               text26       001784
__end_of_memset                text29       001CBE
__end_of_sprintf               text15       000AA4
__end_of_strchr                text20       001C62
__end_of_strlen                text28       001AD0
__end_of_strncmp               text25       001928
__end_of_strstr                text19       0018A2
__initialization               cinit        001D34
__mediumconst                  mediumconst  000000
__pbssBANK1                    bssBANK1     000100
__pbssCOMRAM                   bssCOMRAM    000043
__pcinit                       cinit        001D34
__pcstackBANK0                 cstackBANK0  000060
__pcstackCOMRAM                cstackCOMRAM 000001
__pintcode                     intcode      000008
__pintcode_body                intcode_body 001784
__psmallconst                  smallconst   000800
__ptext0                       text0        001560
__ptext1                       text1        0019A4
__ptext10                      text10       001D12
__ptext11                      text11       001CEA
__ptext12                      text12       001B70
__ptext13                      text13       000DC8
__ptext14                      text14       001038
__ptext15                      text15       0008D4
__ptext16                      text16       001B24
__ptext17                      text17       001A1E
__ptext18                      text18       001622
__ptext19                      text19       001816
__ptext2                       text2        00113A
__ptext20                      text20       001C2A
__ptext21                      text21       001AD0
__ptext22                      text22       001D88
__ptext23                      text23       001D96
__ptext24                      text24       000F20
__ptext25                      text25       0018A2
__ptext26                      text26       0016D4
__ptext27                      text27       00149C
__ptext28                      text28       001A7A
__ptext29                      text29       001C90
__ptext3                       text3        001220
__ptext30                      text30       001BF0
__ptext31                      text31       001CBE
__ptext32                      text32       001D50
__ptext33                      text33       001D6C
__ptext34                      text34       001BB2
__ptext4                       text4        000AA4
__ptext5                       text5        001928
__ptext6                       text6        0013D6
__ptext7                       text7        001C62
__ptext8                       text8        000C68
__ptext9                       text9        001302
__ramtop                       ramtop       000800
__size_of_GSM_Init             (abs)        000000
__size_of_GSM_Msg_Display      (abs)        000000
__size_of_GSM_Msg_Read         (abs)        000000
__size_of_GSM_Response         (abs)        000000
__size_of_GSM_Response_Display (abs)        000000
__size_of_GSM_Send_Msg         (abs)        000000
__size_of_GSM_Wait_for_Msg     (abs)        000000
__size_of_ISR                  (abs)        000000
__size_of_LCD_Char             (abs)        000000
__size_of_LCD_Clear            (abs)        000000
__size_of_LCD_Command          (abs)        000000
__size_of_LCD_Init             (abs)        000000
__size_of_LCD_String           (abs)        000000
__size_of_LCD_String_xy        (abs)        000000
__size_of_MSdelay              (abs)        000000
__size_of_USART_Init           (abs)        000000
__size_of_USART_SendString     (abs)        000000
__size_of_USART_TxChar         (abs)        000000
__size_of___altoft             (abs)        000000
__size_of___ftadd              (abs)        000000
__size_of___ftdiv              (abs)        000000
__size_of___ftpack             (abs)        000000
__size_of___fttol              (abs)        000000
__size_of___lwdiv              (abs)        000000
__size_of___lwmod              (abs)        000000
__size_of___wmul               (abs)        000000
__size_of_atoi                 (abs)        000000
__size_of_isdigit              (abs)        000000
__size_of_main                 (abs)        000000
__size_of_memmove              (abs)        000000
__size_of_memset               (abs)        000000
__size_of_sprintf              (abs)        000000
__size_of_strchr               (abs)        000000
__size_of_strlen               (abs)        000000
__size_of_strncmp              (abs)        000000
__size_of_strstr               (abs)        000000
__smallconst                   smallconst   000800
_a                             bssCOMRAM    000043
_atoi                          text9        001302
_buff                          bssBANK1     000100
_dpowers                       smallconst   000801
_isdigit                       text10       001D12
_isdigit$775                   cstackCOMRAM 000010
_main                          text0        001560
_memmove                       text26       0016D4
_memset                        text29       001C90
_sprintf                       text15       0008D4
_status_flag                   bssCOMRAM    000045
_strchr                        text20       001C2A
_strlen                        text28       001A7A
_strncmp                       text25       0018A2
_strstr                        text19       001816
atoi@a                         cstackCOMRAM 00001A
atoi@s                         cstackCOMRAM 000015
atoi@sign                      cstackCOMRAM 000019
end_of_initialization          cinit        001D46
int_func                       intcode_body 001784
intlevel0                      text         000000
intlevel1                      text         000000
intlevel2                      text         000000
intlevel3                      text         000000
isdigit@c                      cstackCOMRAM 000011
memmove@d                      cstackCOMRAM 000017
memmove@d1                     cstackCOMRAM 00000F
memmove@n                      cstackCOMRAM 000013
memmove@s                      cstackCOMRAM 000019
memmove@s1                     cstackCOMRAM 000011
memset@c                       cstackCOMRAM 000017
memset@n                       cstackCOMRAM 000019
memset@p                       cstackCOMRAM 00001B
memset@p1                      cstackCOMRAM 000015
sprintf@ap                     cstackCOMRAM 000024
sprintf@c                      cstackCOMRAM 00002A
sprintf@cp                     cstackCOMRAM 000026
sprintf@f                      cstackCOMRAM 00001D
sprintf@flag                   cstackCOMRAM 000022
sprintf@prec                   cstackCOMRAM 000023
sprintf@sp                     cstackCOMRAM 00001B
sprintf@val                    cstackCOMRAM 000028
stackhi                        (abs)        0007FF
stacklo                        (abs)        0001A0
start                          init         000018
start_initialization           cinit        001D34
strchr@chr                     cstackCOMRAM 000011
strchr@ptr                     cstackCOMRAM 00000F
strlen@cp                      cstackCOMRAM 000013
strlen@s                       cstackCOMRAM 00000F
strncmp@len                    cstackCOMRAM 000019
strncmp@s1                     cstackCOMRAM 000015
strncmp@s2                     cstackCOMRAM 000017
strstr@s1                      cstackCOMRAM 00001E
strstr@s2                      cstackCOMRAM 000020


FUNCTION INFORMATION:

 *************** function _main *****************
 Defined at:
		line 32 in file "GSM_Functions.c"
 Parameters:    Size  Location     Type
		None
 Auto vars:     Size  Location     Type
		None
 Return value:  Size  Location     Type
		None               void
 Registers used:
		wreg, fsr0l, fsr0h, fsr1l, fsr1h, fsr2l, fsr2h, status,2, status,0, tblptrl, tblptrh, tblptru, prodl, prodh, cstack
 Tracked objects:
		On entry : 
		On exit  : 
		Unchanged: 
 Data sizes:     COMRAM   BANK0   BANK1   BANK2   BANK3   BANK4   BANK5   BANK6   BANK7
      Params:         0       0       0       0       0       0       0       0       0
      Locals:         0       0       0       0       0       0       0       0       0
      Temps:          0       0       0       0       0       0       0       0       0
      Totals:         0       0       0       0       0       0       0       0       0
Total ram usage:        0 bytes
 Hardware stack levels required when called:    8
 This function calls:
		_GSM_Init
		_GSM_Send_Msg
		_GSM_Wait_for_Msg
		_LCD_Clear
		_LCD_Init
		_LCD_String
		_LCD_String_xy
		_MSdelay
		_USART_Init
 This function is called by:
		Startup code after reset
 This function uses a non-reentrant model


 *************** function _USART_Init *****************
 Defined at:
		line 8 in file "USART_Source_File.c"
 Parameters:    Size  Location     Type
  baud_rate       4   59[COMRAM] long 
 Auto vars:     Size  Location     Type
  temp            3   63[COMRAM] float 
 Return value:  Size  Location     Type
		None               void
 Registers used:
		wreg, status,2, status,0, cstack
 Tracked objects:
		On entry : 
		On exit  : 
		Unchanged: 
 Data sizes:     COMRAM   BANK0   BANK1   BANK2   BANK3   BANK4   BANK5   BANK6   BANK7
      Params:         4       0       0       0       0       0       0       0       0
      Locals:         3       0       0       0       0       0       0       0       0
      Temps:          0       0       0       0       0       0       0       0       0
      Totals:         7       0       0       0       0       0       0       0       0
Total ram usage:        7 bytes
 Hardware stack levels used:    1
 Hardware stack levels required when called:    3
 This function calls:
		___altoft
		___ftadd
		___ftdiv
		___fttol
 This function is called by:
		_main
 This function uses a non-reentrant model


 *************** function ___fttol *****************
 Defined at:
		line 44 in file "C:\Program Files (x86)\Microchip\xc8\v1.34\sources\common\fttol.c"
 Parameters:    Size  Location     Type
  f1              3   14[COMRAM] float 
 Auto vars:     Size  Location     Type
  lval            4   24[COMRAM] unsigned long 
  exp1            1   28[COMRAM] unsigned char 
  sign1           1   23[COMRAM] unsigned char 
 Return value:  Size  Location     Type
                  4   14[COMRAM] long 
 Registers used:
		wreg, status,2, status,0
 Tracked objects:
		On entry : 
		On exit  : 
		Unchanged: 
 Data sizes:     COMRAM   BANK0   BANK1   BANK2   BANK3   BANK4   BANK5   BANK6   BANK7
      Params:         4       0       0       0       0       0       0       0       0
      Locals:         6       0       0       0       0       0       0       0       0
      Temps:          5       0       0       0       0       0       0       0       0
      Totals:        15       0       0       0       0       0       0       0       0
Total ram usage:       15 bytes
 Hardware stack levels used:    1
 Hardware stack levels required when called:    1
 This function calls:
		Nothing
 This function is called by:
		_USART_Init
 This function uses a non-reentrant model


 *************** function ___ftdiv *****************
 Defined at:
		line 54 in file "C:\Program Files (x86)\Microchip\xc8\v1.34\sources\common\ftdiv.c"
 Parameters:    Size  Location     Type
  f1              3   32[COMRAM] float 
  f2              3   35[COMRAM] float 
 Auto vars:     Size  Location     Type
  f3              3   42[COMRAM] float 
  sign            1   46[COMRAM] unsigned char 
  exp             1   45[COMRAM] unsigned char 
  cntr            1   41[COMRAM] unsigned char 
 Return value:  Size  Location     Type
                  3   32[COMRAM] float 
 Registers used:
		wreg, status,2, status,0, cstack
 Tracked objects:
		On entry : 
		On exit  : 
		Unchanged: 
 Data sizes:     COMRAM   BANK0   BANK1   BANK2   BANK3   BANK4   BANK5   BANK6   BANK7
      Params:         6       0       0       0       0       0       0       0       0
      Locals:         6       0       0       0       0       0       0       0       0
      Temps:          3       0       0       0       0       0       0       0       0
      Totals:        15       0       0       0       0       0       0       0       0
Total ram usage:       15 bytes
 Hardware stack levels used:    1
 Hardware stack levels required when called:    2
 This function calls:
		___ftpack
 This function is called by:
		_USART_Init
 This function uses a non-reentrant model


 *************** function ___ftadd *****************
 Defined at:
		line 86 in file "C:\Program Files (x86)\Microchip\xc8\v1.34\sources\common\ftadd.c"
 Parameters:    Size  Location     Type
  f1              3   47[COMRAM] float 
  f2              3   50[COMRAM] float 
 Auto vars:     Size  Location     Type
  exp1            1   58[COMRAM] unsigned char 
  exp2            1   57[COMRAM] unsigned char 
  sign            1   56[COMRAM] unsigned char 
 Return value:  Size  Location     Type
                  3   47[COMRAM] float 
 Registers used:
		wreg, status,2, status,0, cstack
 Tracked objects:
		On entry : 
		On exit  : 
		Unchanged: 
 Data sizes:     COMRAM   BANK0   BANK1   BANK2   BANK3   BANK4   BANK5   BANK6   BANK7
      Params:         6       0       0       0       0       0       0       0       0
      Locals:         3       0       0       0       0       0       0       0       0
      Temps:          3       0       0       0       0       0       0       0       0
      Totals:        12       0       0       0       0       0       0       0       0
Total ram usage:       12 bytes
 Hardware stack levels used:    1
 Hardware stack levels required when called:    2
 This function calls:
		___ftpack
 This function is called by:
		_USART_Init
 This function uses a non-reentrant model


 *************** function ___altoft *****************
 Defined at:
		line 42 in file "C:\Program Files (x86)\Microchip\xc8\v1.34\sources\common\altoft.c"
 Parameters:    Size  Location     Type
  c               4   22[COMRAM] long 
 Auto vars:     Size  Location     Type
  sign            1   31[COMRAM] unsigned char 
  exp             1   30[COMRAM] unsigned char 
 Return value:  Size  Location     Type
                  3   22[COMRAM] float 
 Registers used:
		wreg, status,2, status,0, cstack
 Tracked objects:
		On entry : 
		On exit  : 
		Unchanged: 
 Data sizes:     COMRAM   BANK0   BANK1   BANK2   BANK3   BANK4   BANK5   BANK6   BANK7
      Params:         4       0       0       0       0       0       0       0       0
      Locals:         2       0       0       0       0       0       0       0       0
      Temps:          4       0       0       0       0       0       0       0       0
      Totals:        10       0       0       0       0       0       0       0       0
Total ram usage:       10 bytes
 Hardware stack levels used:    1
 Hardware stack levels required when called:    2
 This function calls:
		___ftpack
 This function is called by:
		_USART_Init
 This function uses a non-reentrant model


 *************** function ___ftpack *****************
 Defined at:
		line 62 in file "C:\Program Files (x86)\Microchip\xc8\v1.34\sources\common\float.c"
 Parameters:    Size  Location     Type
  arg             3   14[COMRAM] unsigned um
  exp             1   17[COMRAM] unsigned char 
  sign            1   18[COMRAM] unsigned char 
 Auto vars:     Size  Location     Type
		None
 Return value:  Size  Location     Type
                  3   14[COMRAM] float 
 Registers used:
		wreg, status,2, status,0
 Tracked objects:
		On entry : 
		On exit  : 
		Unchanged: 
 Data sizes:     COMRAM   BANK0   BANK1   BANK2   BANK3   BANK4   BANK5   BANK6   BANK7
      Params:         5       0       0       0       0       0       0       0       0
      Locals:         0       0       0       0       0       0       0       0       0
      Temps:          3       0       0       0       0       0       0       0       0
      Totals:         8       0       0       0       0       0       0       0       0
Total ram usage:        8 bytes
 Hardware stack levels used:    1
 Hardware stack levels required when called:    1
 This function calls:
		Nothing
 This function is called by:
		___altoft
		___ftadd
		___ftdiv
 This function uses a non-reentrant model


 *************** function _LCD_Init *****************
 Defined at:
		line 9 in file "LCD_16x2.c"
 Parameters:    Size  Location     Type
		None
 Auto vars:     Size  Location     Type
		None
 Return value:  Size  Location     Type
		None               void
 Registers used:
		wreg, status,2, status,0, cstack
 Tracked objects:
		On entry : 
		On exit  : 
		Unchanged: 
 Data sizes:     COMRAM   BANK0   BANK1   BANK2   BANK3   BANK4   BANK5   BANK6   BANK7
      Params:         0       0       0       0       0       0       0       0       0
      Locals:         0       0       0       0       0       0       0       0       0
      Temps:          0       0       0       0       0       0       0       0       0
      Totals:         0       0       0       0       0       0       0       0       0
Total ram usage:        0 bytes
 Hardware stack levels used:    1
 Hardware stack levels required when called:    3
 This function calls:
		_LCD_Command
		_MSdelay
 This function is called by:
		_main
 This function uses a non-reentrant model


 *************** function _GSM_Wait_for_Msg *****************
 Defined at:
		line 142 in file "GSM_Functions.c"
 Parameters:    Size  Location     Type
		None
 Auto vars:     Size  Location     Type
  val             4   57[COMRAM] unsigned char [4]
  position        2   62[COMRAM] int 
  i               1   61[COMRAM] unsigned char 
 Return value:  Size  Location     Type
		None               void
 Registers used:
		wreg, fsr0l, fsr0h, fsr1l, fsr1h, fsr2l, fsr2h, status,2, status,0, tblptrl, tblptrh, tblptru, prodl, prodh, cstack
 Tracked objects:
		On entry : 
		On exit  : 
		Unchanged: 
 Data sizes:     COMRAM   BANK0   BANK1   BANK2   BANK3   BANK4   BANK5   BANK6   BANK7
      Params:         0       0       0       0       0       0       0       0       0
      Locals:         7       0       0       0       0       0       0       0       0
      Temps:          1       0       0       0       0       0       0       0       0
      Totals:         8       0       0       0       0       0       0       0       0
Total ram usage:        8 bytes
 Hardware stack levels used:    1
 Hardware stack levels required when called:    7
 This function calls:
		_GSM_Msg_Read
		_LCD_Clear
		_LCD_String_xy
		_atoi
		_memset
		_strlen
		_strstr
 This function is called by:
		_main
 This function uses a non-reentrant model


 *************** function _atoi *****************
 Defined at:
		line 5 in file "C:\Program Files (x86)\Microchip\xc8\v1.34\sources\common\atoi.c"
 Parameters:    Size  Location     Type
  s               2   20[COMRAM] PTR const unsigned char 
		 -> GSM_Wait_for_Msg@val(4), 
 Auto vars:     Size  Location     Type
  a               2   25[COMRAM] int 
  sign            1   24[COMRAM] unsigned char 
 Return value:  Size  Location     Type
                  2   20[COMRAM] int 
 Registers used:
		wreg, fsr2l, fsr2h, status,2, status,0, prodl, prodh, cstack
 Tracked objects:
		On entry : 
		On exit  : 
		Unchanged: 
 Data sizes:     COMRAM   BANK0   BANK1   BANK2   BANK3   BANK4   BANK5   BANK6   BANK7
      Params:         2       0       0       0       0       0       0       0       0
      Locals:         3       0       0       0       0       0       0       0       0
      Temps:          2       0       0       0       0       0       0       0       0
      Totals:         7       0       0       0       0       0       0       0       0
Total ram usage:        7 bytes
 Hardware stack levels used:    1
 Hardware stack levels required when called:    2
 This function calls:
		___wmul
		_isdigit
 This function is called by:
		_GSM_Wait_for_Msg
 This function uses a non-reentrant model


 *************** function _isdigit *****************
 Defined at:
		line 8 in file "C:\Program Files (x86)\Microchip\xc8\v1.34\sources\common\isdigit.c"
 Parameters:    Size  Location     Type
  c               1    wreg     unsigned char 
 Auto vars:     Size  Location     Type
  c               1   16[COMRAM] unsigned char 
 Return value:  Size  Location     Type
		None               void
 Registers used:
		wreg, status,2, status,0
 Tracked objects:
		On entry : 
		On exit  : 
		Unchanged: 
 Data sizes:     COMRAM   BANK0   BANK1   BANK2   BANK3   BANK4   BANK5   BANK6   BANK7
      Params:         0       0       0       0       0       0       0       0       0
      Locals:         2       0       0       0       0       0       0       0       0
      Temps:          1       0       0       0       0       0       0       0       0
      Totals:         3       0       0       0       0       0       0       0       0
Total ram usage:        3 bytes
 Hardware stack levels used:    1
 Hardware stack levels required when called:    1
 This function calls:
		Nothing
 This function is called by:
		_atoi
 This function uses a non-reentrant model


 *************** function ___wmul *****************
 Defined at:
		line 15 in file "C:\Program Files (x86)\Microchip\xc8\v1.34\sources\common\Umul16.c"
 Parameters:    Size  Location     Type
  multiplier      2   14[COMRAM] unsigned int 
  multiplicand    2   16[COMRAM] unsigned int 
 Auto vars:     Size  Location     Type
  product         2   18[COMRAM] unsigned int 
 Return value:  Size  Location     Type
                  2   14[COMRAM] unsigned int 
 Registers used:
		wreg, status,2, status,0, prodl, prodh
 Tracked objects:
		On entry : 
		On exit  : 
		Unchanged: 
 Data sizes:     COMRAM   BANK0   BANK1   BANK2   BANK3   BANK4   BANK5   BANK6   BANK7
      Params:         4       0       0       0       0       0       0       0       0
      Locals:         2       0       0       0       0       0       0       0       0
      Temps:          0       0       0       0       0       0       0       0       0
      Totals:         6       0       0       0       0       0       0       0       0
Total ram usage:        6 bytes
 Hardware stack levels used:    1
 Hardware stack levels required when called:    1
 This function calls:
		Nothing
 This function is called by:
		_atoi
 This function uses a non-reentrant model


 *************** function _GSM_Msg_Read *****************
 Defined at:
		line 317 in file "GSM_Functions.c"
 Parameters:    Size  Location     Type
  position        2   42[COMRAM] int 
 Auto vars:     Size  Location     Type
  read_cmd       10   46[COMRAM] unsigned char [10]
  i               2   44[COMRAM] int 
  k               2    0        int 
  flag            1    0        unsigned char 
 Return value:  Size  Location     Type
		None               void
 Registers used:
		wreg, fsr0l, fsr0h, fsr2l, fsr2h, status,2, status,0, tblptrl, tblptrh, tblptru, prodl, prodh, cstack
 Tracked objects:
		On entry : 
		On exit  : 
		Unchanged: 
 Data sizes:     COMRAM   BANK0   BANK1   BANK2   BANK3   BANK4   BANK5   BANK6   BANK7
      Params:         2       0       0       0       0       0       0       0       0
      Locals:        12       0       0       0       0       0       0       0       0
      Temps:          0       0       0       0       0       0       0       0       0
      Totals:        14       0       0       0       0       0       0       0       0
Total ram usage:       14 bytes
 Hardware stack levels used:    1
 Hardware stack levels required when called:    6
 This function calls:
		_GSM_Msg_Display
		_MSdelay
		_USART_SendString
		_sprintf
 This function is called by:
		_GSM_Wait_for_Msg
 This function uses a non-reentrant model


 *************** function _GSM_Msg_Display *****************
 Defined at:
		line 328 in file "GSM_Functions.c"
 Parameters:    Size  Location     Type
		None
 Auto vars:     Size  Location     Type
  i               2   38[COMRAM] int 
 Return value:  Size  Location     Type
		None               void
 Registers used:
		wreg, fsr0l, fsr0h, fsr2l, fsr2h, status,2, status,0, tblptrl, tblptrh, tblptru, cstack
 Tracked objects:
		On entry : 
		On exit  : 
		Unchanged: 
 Data sizes:     COMRAM   BANK0   BANK1   BANK2   BANK3   BANK4   BANK5   BANK6   BANK7
      Params:         0       0       0       0       0       0       0       0       0
      Locals:         2       0       0       0       0       0       0       0       0
      Temps:          5       0       0       0       0       0       0       0       0
      Totals:         7       0       0       0       0       0       0       0       0
Total ram usage:        7 bytes
 Hardware stack levels used:    1
 Hardware stack levels required when called:    5
 This function calls:
		_LCD_Char
		_LCD_Command
		_LCD_String_xy
		_memset
		_strlen
		_strstr
 This function is called by:
		_GSM_Msg_Read
 This function uses a non-reentrant model


 *************** function _GSM_Send_Msg *****************
 Defined at:
		line 207 in file "GSM_Functions.c"
 Parameters:    Size  Location     Type
  num             2   42[COMRAM] PTR const unsigned char 
		 -> STR_2(11), 
  sms             2   44[COMRAM] PTR const unsigned char 
		 -> STR_3(5), 
 Auto vars:     Size  Location     Type
  sms_buffer     35    0[BANK0 ] unsigned char [35]
  i               2    0        int 
 Return value:  Size  Location     Type
		None               void
 Registers used:
		wreg, fsr0l, fsr0h, fsr2l, fsr2h, status,2, status,0, tblptrl, tblptrh, tblptru, prodl, prodh, cstack
 Tracked objects:
		On entry : 
		On exit  : 
		Unchanged: 
 Data sizes:     COMRAM   BANK0   BANK1   BANK2   BANK3   BANK4   BANK5   BANK6   BANK7
      Params:         4       0       0       0       0       0       0       0       0
      Locals:         0      35       0       0       0       0       0       0       0
      Temps:          1       0       0       0       0       0       0       0       0
      Totals:         5      35       0       0       0       0       0       0       0
Total ram usage:       40 bytes
 Hardware stack levels used:    1
 Hardware stack levels required when called:    3
 This function calls:
		_MSdelay
		_USART_SendString
		_USART_TxChar
		_memset
		_sprintf
		_strlen
 This function is called by:
		_main
 This function uses a non-reentrant model


 *************** function _sprintf *****************
 Defined at:
		line 492 in file "C:\Program Files (x86)\Microchip\xc8\v1.34\sources\common\doprnt.c"
 Parameters:    Size  Location     Type
  sp              2   26[COMRAM] PTR unsigned char 
		 -> GSM_Msg_Read@read_cmd(10), GSM_Calling@call(20), GSM_Send_Msg@sms_buffer(35), GSM_Msg_Delete@delete_cmd(20), 
  f               2   28[COMRAM] PTR const unsigned char 
		 -> STR_18(12), STR_14(8), STR_13(14), STR_10(12), 
 Auto vars:     Size  Location     Type
  tmpval          4    0        struct .
  val             2   39[COMRAM] unsigned int 
  cp              2   37[COMRAM] PTR const unsigned char 
		 -> STR_21(7), STR_2(11), 
  ap              2   35[COMRAM] PTR void [1]
		 -> ?_sprintf(2), 
  len             2    0        unsigned int 
  c               1   41[COMRAM] char 
  prec            1   34[COMRAM] char 
  flag            1   33[COMRAM] unsigned char 
 Return value:  Size  Location     Type
                  2   26[COMRAM] int 
 Registers used:
		wreg, fsr2l, fsr2h, status,2, status,0, tblptrl, tblptrh, tblptru, prodl, prodh, cstack
 Tracked objects:
		On entry : 
		On exit  : 
		Unchanged: 
 Data sizes:     COMRAM   BANK0   BANK1   BANK2   BANK3   BANK4   BANK5   BANK6   BANK7
      Params:         6       0       0       0       0       0       0       0       0
      Locals:         9       0       0       0       0       0       0       0       0
      Temps:          1       0       0       0       0       0       0       0       0
      Totals:        16       0       0       0       0       0       0       0       0
Total ram usage:       16 bytes
 Hardware stack levels used:    1
 Hardware stack levels required when called:    2
 This function calls:
		___lwdiv
		___lwmod
 This function is called by:
		_GSM_Send_Msg
		_GSM_Msg_Read
		_GSM_Msg_Delete
		_GSM_Calling
 This function uses a non-reentrant model


 *************** function ___lwmod *****************
 Defined at:
		line 8 in file "C:\Program Files (x86)\Microchip\xc8\v1.34\sources\common\lwmod.c"
 Parameters:    Size  Location     Type
  dividend        2   21[COMRAM] unsigned int 
  divisor         2   23[COMRAM] unsigned int 
 Auto vars:     Size  Location     Type
  counter         1   25[COMRAM] unsigned char 
 Return value:  Size  Location     Type
                  2   21[COMRAM] unsigned int 
 Registers used:
		wreg, status,2, status,0
 Tracked objects:
		On entry : 
		On exit  : 
		Unchanged: 
 Data sizes:     COMRAM   BANK0   BANK1   BANK2   BANK3   BANK4   BANK5   BANK6   BANK7
      Params:         4       0       0       0       0       0       0       0       0
      Locals:         1       0       0       0       0       0       0       0       0
      Temps:          0       0       0       0       0       0       0       0       0
      Totals:         5       0       0       0       0       0       0       0       0
Total ram usage:        5 bytes
 Hardware stack levels used:    1
 Hardware stack levels required when called:    1
 This function calls:
		Nothing
 This function is called by:
		_sprintf
 This function uses a non-reentrant model


 *************** function ___lwdiv *****************
 Defined at:
		line 8 in file "C:\Program Files (x86)\Microchip\xc8\v1.34\sources\common\lwdiv.c"
 Parameters:    Size  Location     Type
  dividend        2   14[COMRAM] unsigned int 
  divisor         2   16[COMRAM] unsigned int 
 Auto vars:     Size  Location     Type
  quotient        2   18[COMRAM] unsigned int 
  counter         1   20[COMRAM] unsigned char 
 Return value:  Size  Location     Type
                  2   14[COMRAM] unsigned int 
 Registers used:
		wreg, status,2, status,0
 Tracked objects:
		On entry : 
		On exit  : 
		Unchanged: 
 Data sizes:     COMRAM   BANK0   BANK1   BANK2   BANK3   BANK4   BANK5   BANK6   BANK7
      Params:         4       0       0       0       0       0       0       0       0
      Locals:         3       0       0       0       0       0       0       0       0
      Temps:          0       0       0       0       0       0       0       0       0
      Totals:         7       0       0       0       0       0       0       0       0
Total ram usage:        7 bytes
 Hardware stack levels used:    1
 Hardware stack levels required when called:    1
 This function calls:
		Nothing
 This function is called by:
		_sprintf
 This function uses a non-reentrant model


 *************** function _GSM_Init *****************
 Defined at:
		line 70 in file "GSM_Functions.c"
 Parameters:    Size  Location     Type
		None
 Auto vars:     Size  Location     Type
		None
 Return value:  Size  Location     Type
		None               void
 Registers used:
		wreg, fsr0l, fsr0h, fsr1l, fsr1h, fsr2l, fsr2h, status,2, status,0, tblptrl, tblptrh, tblptru, cstack
 Tracked objects:
		On entry : 
		On exit  : 
		Unchanged: 
 Data sizes:     COMRAM   BANK0   BANK1   BANK2   BANK3   BANK4   BANK5   BANK6   BANK7
      Params:         0       0       0       0       0       0       0       0       0
      Locals:         0       0       0       0       0       0       0       0       0
      Temps:          0       0       0       0       0       0       0       0       0
      Totals:         0       0       0       0       0       0       0       0       0
Total ram usage:        0 bytes
 Hardware stack levels used:    1
 Hardware stack levels required when called:    7
 This function calls:
		_GSM_Response
		_LCD_Clear
		_LCD_Command
		_LCD_String
		_LCD_String_xy
		_MSdelay
		_USART_SendString
		_memset
		_strstr
 This function is called by:
		_main
 This function uses a non-reentrant model


 *************** function _strstr *****************
 Defined at:
		line 4 in file "C:\Program Files (x86)\Microchip\xc8\v1.34\sources\common\strstr.c"
 Parameters:    Size  Location     Type
  s1              2   29[COMRAM] PTR const unsigned char 
		 -> NULL(0), buff(160), 
  s2              2   31[COMRAM] PTR const unsigned char 
		 -> STR_19(6), STR_11(6), STR_6(3), 
 Auto vars:     Size  Location     Type
		None
 Return value:  Size  Location     Type
                  2   29[COMRAM] PTR unsigned char 
 Registers used:
		wreg, fsr0l, fsr0h, fsr2l, fsr2h, status,2, status,0, tblptrl, tblptrh, tblptru, cstack
 Tracked objects:
		On entry : 
		On exit  : 
		Unchanged: 
 Data sizes:     COMRAM   BANK0   BANK1   BANK2   BANK3   BANK4   BANK5   BANK6   BANK7
      Params:         4       0       0       0       0       0       0       0       0
      Locals:         0       0       0       0       0       0       0       0       0
      Temps:          0       0       0       0       0       0       0       0       0
      Totals:         4       0       0       0       0       0       0       0       0
Total ram usage:        4 bytes
 Hardware stack levels used:    1
 Hardware stack levels required when called:    2
 This function calls:
		_strchr
		_strlen
		_strncmp
 This function is called by:
		_GSM_Init
		_GSM_Wait_for_Msg
		_GSM_Msg_Display
 This function uses a non-reentrant model


 *************** function _strchr *****************
 Defined at:
		line 4 in file "C:\Program Files (x86)\Microchip\xc8\v1.34\sources\common\strchr.c"
 Parameters:    Size  Location     Type
  ptr             2   14[COMRAM] PTR const unsigned char 
		 -> NULL(0), buff(160), 
  chr             2   16[COMRAM] int 
 Auto vars:     Size  Location     Type
		None
 Return value:  Size  Location     Type
                  2   14[COMRAM] PTR unsigned char 
 Registers used:
		wreg, fsr2l, fsr2h, status,2, status,0
 Tracked objects:
		On entry : 
		On exit  : 
		Unchanged: 
 Data sizes:     COMRAM   BANK0   BANK1   BANK2   BANK3   BANK4   BANK5   BANK6   BANK7
      Params:         4       0       0       0       0       0       0       0       0
      Locals:         0       0       0       0       0       0       0       0       0
      Temps:          1       0       0       0       0       0       0       0       0
      Totals:         5       0       0       0       0       0       0       0       0
Total ram usage:        5 bytes
 Hardware stack levels used:    1
 Hardware stack levels required when called:    1
 This function calls:
		Nothing
 This function is called by:
		_strstr
 This function uses a non-reentrant model


 *************** function _USART_SendString *****************
 Defined at:
		line 40 in file "USART_Source_File.c"
 Parameters:    Size  Location     Type
  out             2   15[COMRAM] PTR const unsigned char 
		 -> GSM_Msg_Read@read_cmd(10), STR_15(5), GSM_Calling@call(20), GSM_Send_Msg@sms_buffer(35), 
		 -> GSM_Msg_Delete@delete_cmd(20), STR_9(11), STR_5(6), STR_3(5), 
 Auto vars:     Size  Location     Type
		None
 Return value:  Size  Location     Type
		None               void
 Registers used:
		wreg, fsr0l, fsr0h, status,2, status,0, tblptrl, tblptrh, tblptru, cstack
 Tracked objects:
		On entry : 
		On exit  : 
		Unchanged: 
 Data sizes:     COMRAM   BANK0   BANK1   BANK2   BANK3   BANK4   BANK5   BANK6   BANK7
      Params:         2       0       0       0       0       0       0       0       0
      Locals:         0       0       0       0       0       0       0       0       0
      Temps:          0       0       0       0       0       0       0       0       0
      Totals:         2       0       0       0       0       0       0       0       0
Total ram usage:        2 bytes
 Hardware stack levels used:    1
 Hardware stack levels required when called:    2
 This function calls:
		_USART_TxChar
 This function is called by:
		_GSM_Init
		_GSM_Send_Msg
		_GSM_Msg_Read
		_GSM_Msg_Delete
		_GSM_Calling
		_GSM_HangCall
 This function uses a non-reentrant model


 *************** function _USART_TxChar *****************
 Defined at:
		line 19 in file "USART_Source_File.c"
 Parameters:    Size  Location     Type
  out             1    wreg     unsigned char 
 Auto vars:     Size  Location     Type
  out             1   14[COMRAM] unsigned char 
 Return value:  Size  Location     Type
		None               void
 Registers used:
		wreg
 Tracked objects:
		On entry : 
		On exit  : 
		Unchanged: 
 Data sizes:     COMRAM   BANK0   BANK1   BANK2   BANK3   BANK4   BANK5   BANK6   BANK7
      Params:         0       0       0       0       0       0       0       0       0
      Locals:         1       0       0       0       0       0       0       0       0
      Temps:          0       0       0       0       0       0       0       0       0
      Totals:         1       0       0       0       0       0       0       0       0
Total ram usage:        1 bytes
 Hardware stack levels used:    1
 Hardware stack levels required when called:    1
 This function calls:
		Nothing
 This function is called by:
		_USART_SendString
		_GSM_Send_Msg
 This function uses a non-reentrant model


 *************** function _LCD_Clear *****************
 Defined at:
		line 21 in file "LCD_16x2.c"
 Parameters:    Size  Location     Type
		None
 Auto vars:     Size  Location     Type
		None
 Return value:  Size  Location     Type
		None               void
 Registers used:
		wreg, status,2, status,0, cstack
 Tracked objects:
		On entry : 
		On exit  : 
		Unchanged: 
 Data sizes:     COMRAM   BANK0   BANK1   BANK2   BANK3   BANK4   BANK5   BANK6   BANK7
      Params:         0       0       0       0       0       0       0       0       0
      Locals:         0       0       0       0       0       0       0       0       0
      Temps:          0       0       0       0       0       0       0       0       0
      Totals:         0       0       0       0       0       0       0       0       0
Total ram usage:        0 bytes
 Hardware stack levels used:    1
 Hardware stack levels required when called:    3
 This function calls:
		_LCD_Command
 This function is called by:
		_main
		_GSM_Init
		_GSM_Wait_for_Msg
 This function uses a non-reentrant model


 *************** function _GSM_Response *****************
 Defined at:
		line 250 in file "GSM_Functions.c"
 Parameters:    Size  Location     Type
		None
 Auto vars:     Size  Location     Type
  i               2   34[COMRAM] int 
  CRLF_buff       2   36[COMRAM] unsigned char [2]
  Response_Len    2   38[COMRAM] int 
  timeout         2   32[COMRAM] unsigned int 
  CRLF_Found      2   30[COMRAM] int 
 Return value:  Size  Location     Type
		None               void
 Registers used:
		wreg, fsr0l, fsr0h, fsr1l, fsr1h, fsr2l, fsr2h, status,2, status,0, tblptrl, tblptrh, tblptru, cstack
 Tracked objects:
		On entry : 
		On exit  : 
		Unchanged: 
 Data sizes:     COMRAM   BANK0   BANK1   BANK2   BANK3   BANK4   BANK5   BANK6   BANK7
      Params:         0       0       0       0       0       0       0       0       0
      Locals:        10       0       0       0       0       0       0       0       0
      Temps:          1       0       0       0       0       0       0       0       0
      Totals:        11       0       0       0       0       0       0       0       0
Total ram usage:       11 bytes
 Hardware stack levels used:    1
 Hardware stack levels required when called:    6
 This function calls:
		_GSM_Response_Display
		_MSdelay
		_memmove
		_strlen
		_strncmp
 This function is called by:
		_GSM_Init
 This function uses a non-reentrant model


 *************** function _strncmp *****************
 Defined at:
		line 4 in file "C:\Program Files (x86)\Microchip\xc8\v1.34\sources\common\strncmp.c"
 Parameters:    Size  Location     Type
  s1              2   20[COMRAM] PTR const unsigned char 
		 -> GSM_Response@CRLF_buff(2), NULL(0), buff(160), 
  s2              2   22[COMRAM] PTR const unsigned char 
		 -> STR_19(6), STR_16(3), STR_11(6), STR_6(3), 
  len             2   24[COMRAM] unsigned int 
 Auto vars:     Size  Location     Type
		None
 Return value:  Size  Location     Type
                  2   20[COMRAM] int 
 Registers used:
		wreg, fsr2l, fsr2h, status,2, status,0, tblptrl, tblptrh, tblptru
 Tracked objects:
		On entry : 
		On exit  : 
		Unchanged: 
 Data sizes:     COMRAM   BANK0   BANK1   BANK2   BANK3   BANK4   BANK5   BANK6   BANK7
      Params:         6       0       0       0       0       0       0       0       0
      Locals:         0       0       0       0       0       0       0       0       0
      Temps:          3       0       0       0       0       0       0       0       0
      Totals:         9       0       0       0       0       0       0       0       0
Total ram usage:        9 bytes
 Hardware stack levels used:    1
 Hardware stack levels required when called:    1
 This function calls:
		Nothing
 This function is called by:
		_GSM_Response
		_strstr
 This function uses a non-reentrant model


 *************** function _memmove *****************
 Defined at:
		line 8 in file "C:\Program Files (x86)\Microchip\xc8\v1.34\sources\common\memmove.c"
 Parameters:    Size  Location     Type
  d1              2   14[COMRAM] PTR void 
		 -> GSM_Response@CRLF_buff(2), 
  s1              2   16[COMRAM] PTR const void 
		 -> GSM_Response@CRLF_buff(2), 
  n               2   18[COMRAM] unsigned int 
 Auto vars:     Size  Location     Type
  s               2   24[COMRAM] PTR const unsigned char 
		 -> GSM_Response@CRLF_buff(2), 
  d               2   22[COMRAM] PTR unsigned char 
		 -> GSM_Response@CRLF_buff(2), 
 Return value:  Size  Location     Type
                  2   14[COMRAM] PTR void 
 Registers used:
		wreg, fsr1l, fsr1h, fsr2l, fsr2h, status,2, status,0
 Tracked objects:
		On entry : 
		On exit  : 
		Unchanged: 
 Data sizes:     COMRAM   BANK0   BANK1   BANK2   BANK3   BANK4   BANK5   BANK6   BANK7
      Params:         6       0       0       0       0       0       0       0       0
      Locals:         4       0       0       0       0       0       0       0       0
      Temps:          2       0       0       0       0       0       0       0       0
      Totals:        12       0       0       0       0       0       0       0       0
Total ram usage:       12 bytes
 Hardware stack levels used:    1
 Hardware stack levels required when called:    1
 This function calls:
		Nothing
 This function is called by:
		_GSM_Response
 This function uses a non-reentrant model


 *************** function _GSM_Response_Display *****************
 Defined at:
		line 291 in file "GSM_Functions.c"
 Parameters:    Size  Location     Type
		None
 Auto vars:     Size  Location     Type
		None
 Return value:  Size  Location     Type
		None               void
 Registers used:
		wreg, fsr0l, fsr0h, fsr2l, fsr2h, status,2, status,0, tblptrl, tblptrh, tblptru, cstack
 Tracked objects:
		On entry : 
		On exit  : 
		Unchanged: 
 Data sizes:     COMRAM   BANK0   BANK1   BANK2   BANK3   BANK4   BANK5   BANK6   BANK7
      Params:         0       0       0       0       0       0       0       0       0
      Locals:         0       0       0       0       0       0       0       0       0
      Temps:          1       0       0       0       0       0       0       0       0
      Totals:         1       0       0       0       0       0       0       0       0
Total ram usage:        1 bytes
 Hardware stack levels used:    1
 Hardware stack levels required when called:    5
 This function calls:
		_LCD_Char
		_LCD_Command
		_LCD_String_xy
		_memset
		_strlen
 This function is called by:
		_GSM_Response
 This function uses a non-reentrant model


 *************** function _strlen *****************
 Defined at:
		line 4 in file "C:\Program Files (x86)\Microchip\xc8\v1.34\sources\common\strlen.c"
 Parameters:    Size  Location     Type
  s               2   14[COMRAM] PTR const unsigned char 
		 -> STR_19(6), GSM_Send_Msg@sms_buffer(35), STR_11(6), STR_6(3), 
		 -> buff(160), 
 Auto vars:     Size  Location     Type
  cp              2   18[COMRAM] PTR const unsigned char 
		 -> STR_19(6), GSM_Send_Msg@sms_buffer(35), STR_11(6), STR_6(3), 
		 -> buff(160), 
 Return value:  Size  Location     Type
                  2   14[COMRAM] unsigned int 
 Registers used:
		wreg, fsr0l, fsr0h, status,2, status,0, tblptrl, tblptrh, tblptru
 Tracked objects:
		On entry : 
		On exit  : 
		Unchanged: 
 Data sizes:     COMRAM   BANK0   BANK1   BANK2   BANK3   BANK4   BANK5   BANK6   BANK7
      Params:         2       0       0       0       0       0       0       0       0
      Locals:         2       0       0       0       0       0       0       0       0
      Temps:          2       0       0       0       0       0       0       0       0
      Totals:         6       0       0       0       0       0       0       0       0
Total ram usage:        6 bytes
 Hardware stack levels used:    1
 Hardware stack levels required when called:    1
 This function calls:
		Nothing
 This function is called by:
		_GSM_Wait_for_Msg
		_GSM_Send_Msg
		_GSM_Response
		_GSM_Response_Display
		_GSM_Msg_Display
		_strstr
		_GSM_Msg_Delete
 This function uses a non-reentrant model


 *************** function _memset *****************
 Defined at:
		line 8 in file "C:\Program Files (x86)\Microchip\xc8\v1.34\sources\common\memset.c"
 Parameters:    Size  Location     Type
  p1              2   20[COMRAM] PTR void 
		 -> GSM_Send_Msg@sms_buffer(35), buff(160), 
  c               2   22[COMRAM] int 
  n               2   24[COMRAM] unsigned int 
 Auto vars:     Size  Location     Type
  p               2   26[COMRAM] PTR unsigned char 
		 -> GSM_Send_Msg@sms_buffer(35), buff(160), 
 Return value:  Size  Location     Type
                  2   20[COMRAM] PTR void 
 Registers used:
		wreg, fsr2l, fsr2h, status,2, status,0
 Tracked objects:
		On entry : 
		On exit  : 
		Unchanged: 
 Data sizes:     COMRAM   BANK0   BANK1   BANK2   BANK3   BANK4   BANK5   BANK6   BANK7
      Params:         6       0       0       0       0       0       0       0       0
      Locals:         2       0       0       0       0       0       0       0       0
      Temps:          0       0       0       0       0       0       0       0       0
      Totals:         8       0       0       0       0       0       0       0       0
Total ram usage:        8 bytes
 Hardware stack levels used:    1
 Hardware stack levels required when called:    1
 This function calls:
		Nothing
 This function is called by:
		_GSM_Init
		_GSM_Wait_for_Msg
		_GSM_Send_Msg
		_GSM_Response_Display
		_GSM_Msg_Display
		_GSM_Msg_Delete
 This function uses a non-reentrant model


 *************** function _LCD_String_xy *****************
 Defined at:
		line 57 in file "LCD_16x2.c"
 Parameters:    Size  Location     Type
  row             1    wreg     unsigned char 
  pos             1   23[COMRAM] unsigned char 
  msg             2   24[COMRAM] PTR const unsigned char 
		 -> STR_20(11), STR_17(20), STR_12(13), STR_8(10), 
		 -> STR_4(15), 
 Auto vars:     Size  Location     Type
  row             1   26[COMRAM] unsigned char 
  location        1   27[COMRAM] unsigned char 
 Return value:  Size  Location     Type
		None               void
 Registers used:
		wreg, status,2, status,0, tblptrl, tblptrh, tblptru, cstack
 Tracked objects:
		On entry : 
		On exit  : 
		Unchanged: 
 Data sizes:     COMRAM   BANK0   BANK1   BANK2   BANK3   BANK4   BANK5   BANK6   BANK7
      Params:         3       0       0       0       0       0       0       0       0
      Locals:         2       0       0       0       0       0       0       0       0
      Temps:          0       0       0       0       0       0       0       0       0
      Totals:         5       0       0       0       0       0       0       0       0
Total ram usage:        5 bytes
 Hardware stack levels used:    1
 Hardware stack levels required when called:    4
 This function calls:
		_LCD_Command
		_LCD_String
 This function is called by:
		_main
		_GSM_Init
		_GSM_Wait_for_Msg
		_GSM_Response_Display
		_GSM_Msg_Display
 This function uses a non-reentrant model


 *************** function _LCD_String *****************
 Defined at:
		line 47 in file "LCD_16x2.c"
 Parameters:    Size  Location     Type
  msg             2   21[COMRAM] PTR const unsigned char 
		 -> STR_20(11), STR_17(20), STR_12(13), STR_8(10), 
		 -> STR_7(6), STR_4(15), STR_1(15), 
 Auto vars:     Size  Location     Type
		None
 Return value:  Size  Location     Type
		None               void
 Registers used:
		wreg, status,2, status,0, tblptrl, tblptrh, tblptru, cstack
 Tracked objects:
		On entry : 
		On exit  : 
		Unchanged: 
 Data sizes:     COMRAM   BANK0   BANK1   BANK2   BANK3   BANK4   BANK5   BANK6   BANK7
      Params:         2       0       0       0       0       0       0       0       0
      Locals:         0       0       0       0       0       0       0       0       0
      Temps:          0       0       0       0       0       0       0       0       0
      Totals:         2       0       0       0       0       0       0       0       0
Total ram usage:        2 bytes
 Hardware stack levels used:    1
 Hardware stack levels required when called:    3
 This function calls:
		_LCD_Char
 This function is called by:
		_LCD_String_xy
		_main
		_GSM_Init
 This function uses a non-reentrant model


 *************** function _LCD_Char *****************
 Defined at:
		line 36 in file "LCD_16x2.c"
 Parameters:    Size  Location     Type
  dat             1    wreg     unsigned char 
 Auto vars:     Size  Location     Type
  dat             1   20[COMRAM] unsigned char 
 Return value:  Size  Location     Type
		None               void
 Registers used:
		wreg, status,2, status,0, cstack
 Tracked objects:
		On entry : 
		On exit  : 
		Unchanged: 
 Data sizes:     COMRAM   BANK0   BANK1   BANK2   BANK3   BANK4   BANK5   BANK6   BANK7
      Params:         0       0       0       0       0       0       0       0       0
      Locals:         1       0       0       0       0       0       0       0       0
      Temps:          0       0       0       0       0       0       0       0       0
      Totals:         1       0       0       0       0       0       0       0       0
Total ram usage:        1 bytes
 Hardware stack levels used:    1
 Hardware stack levels required when called:    2
 This function calls:
		_MSdelay
 This function is called by:
		_LCD_String
		_GSM_Response_Display
		_GSM_Msg_Display
 This function uses a non-reentrant model


 *************** function _LCD_Command *****************
 Defined at:
		line 26 in file "LCD_16x2.c"
 Parameters:    Size  Location     Type
  cmd             1    wreg     unsigned char 
 Auto vars:     Size  Location     Type
  cmd             1   20[COMRAM] unsigned char 
 Return value:  Size  Location     Type
		None               void
 Registers used:
		wreg, status,2, status,0, cstack
 Tracked objects:
		On entry : 
		On exit  : 
		Unchanged: 
 Data sizes:     COMRAM   BANK0   BANK1   BANK2   BANK3   BANK4   BANK5   BANK6   BANK7
      Params:         0       0       0       0       0       0       0       0       0
      Locals:         1       0       0       0       0       0       0       0       0
      Temps:          0       0       0       0       0       0       0       0       0
      Totals:         1       0       0       0       0       0       0       0       0
Total ram usage:        1 bytes
 Hardware stack levels used:    1
 Hardware stack levels required when called:    2
 This function calls:
		_MSdelay
 This function is called by:
		_LCD_Init
		_LCD_Clear
		_LCD_String_xy
		_GSM_Init
		_GSM_Response_Display
		_GSM_Msg_Display
 This function uses a non-reentrant model


 *************** function _MSdelay *****************
 Defined at:
		line 76 in file "LCD_16x2.c"
 Parameters:    Size  Location     Type
  val             2   14[COMRAM] unsigned int 
 Auto vars:     Size  Location     Type
  j               2   18[COMRAM] unsigned int 
  i               2   16[COMRAM] unsigned int 
 Return value:  Size  Location     Type
		None               void
 Registers used:
		wreg, status,2, status,0
 Tracked objects:
		On entry : 
		On exit  : 
		Unchanged: 
 Data sizes:     COMRAM   BANK0   BANK1   BANK2   BANK3   BANK4   BANK5   BANK6   BANK7
      Params:         2       0       0       0       0       0       0       0       0
      Locals:         4       0       0       0       0       0       0       0       0
      Temps:          0       0       0       0       0       0       0       0       0
      Totals:         6       0       0       0       0       0       0       0       0
Total ram usage:        6 bytes
 Hardware stack levels used:    1
 Hardware stack levels required when called:    1
 This function calls:
		Nothing
 This function is called by:
		_LCD_Init
		_LCD_Command
		_LCD_Char
		_main
		_GSM_Init
		_GSM_Send_Msg
		_GSM_Response
		_GSM_Msg_Read
		_GSM_Msg_Delete
 This function uses a non-reentrant model


 *************** function _ISR *****************
 Defined at:
		line 189 in file "GSM_Functions.c"
 Parameters:    Size  Location     Type
		None
 Auto vars:     Size  Location     Type
		None
 Return value:  Size  Location     Type
		None               void
 Registers used:
		wreg, fsr2l, fsr2h, status,2, status,0
 Tracked objects:
		On entry : 
		On exit  : 
		Unchanged: 
 Data sizes:     COMRAM   BANK0   BANK1   BANK2   BANK3   BANK4   BANK5   BANK6   BANK7
      Params:         0       0       0       0       0       0       0       0       0
      Locals:         0       0       0       0       0       0       0       0       0
      Temps:         14       0       0       0       0       0       0       0       0
      Totals:        14       0       0       0       0       0       0       0       0
Total ram usage:       14 bytes
 Hardware stack levels used:    1
 This function calls:
		Nothing
 This function is called by:
		Interrupt level 2
 This function uses a non-reentrant model



MODULE INFORMATION

Module		Function		Class		Link	Load	Size
C:\Program Files (x86)\Microchip\xc8\v1.34\sources\common\strstr.c
		_strstr        		CODE           	1816	0000	141

C:\Program Files (x86)\Microchip\xc8\v1.34\sources\common\strstr.c estimated size: 141

C:\Program Files (x86)\Microchip\xc8\v1.34\sources\common\strncmp.c
		_strncmp       		CODE           	18A2	0000	135

C:\Program Files (x86)\Microchip\xc8\v1.34\sources\common\strncmp.c estimated size: 135

USART_Source_File.c
		_USART_TxChar  		CODE           	1D88	0000	15
		_USART_SendStri		CODE           	1AD0	0000	85
		_USART_Init    		CODE           	19A4	0000	123

USART_Source_File.c estimated size: 223

C:\Program Files (x86)\Microchip\xc8\v1.34\sources\common\float.c
		___ftpack      		CODE           	13D6	0000	199

C:\Program Files (x86)\Microchip\xc8\v1.34\sources\common\float.c estimated size: 199

C:\Program Files (x86)\Microchip\xc8\v1.34\sources\common\atoi.c
		_atoi          		CODE           	1302	0000	213

C:\Program Files (x86)\Microchip\xc8\v1.34\sources\common\atoi.c estimated size: 213

C:\Program Files (x86)\Microchip\xc8\v1.34\sources\common\memmove.c
		_memmove       		CODE           	16D4	0000	177

C:\Program Files (x86)\Microchip\xc8\v1.34\sources\common\memmove.c estimated size: 177

C:\Program Files (x86)\Microchip\xc8\v1.34\sources\common\lwmod.c
		___lwmod       		CODE           	1B24	0000	77

C:\Program Files (x86)\Microchip\xc8\v1.34\sources\common\lwmod.c estimated size: 77

C:\Program Files (x86)\Microchip\xc8\v1.34\sources\common\isdigit.c
		_isdigit       		CODE           	1D12	0000	35

C:\Program Files (x86)\Microchip\xc8\v1.34\sources\common\isdigit.c estimated size: 35

LCD_16x2.c
		_LCD_String    		CODE           	1CBE	0000	45
		_LCD_Init      		CODE           	1C62	0000	47
		_LCD_Command   		CODE           	1D6C	0000	29
		_LCD_String_xy 		CODE           	1BF0	0000	59
		_LCD_Char      		CODE           	1D50	0000	29
		_LCD_Clear     		CODE           	1D96	0000	9
		_MSdelay       		CODE           	1BB2	0000	63

LCD_16x2.c estimated size: 281

GSM_Functions.c
		_GSM_Response  		CODE           	0F20	0000	281
		_ISR           		CODE           	0008	0000	163
		_GSM_Response_D		CODE           	149C	0000	197
		_main          		CODE           	1560	0000	195
		_GSM_Msg_Displa		CODE           	0DC8	0000	345
		_GSM_Init      		CODE           	1622	0000	179
		_GSM_Wait_for_M		CODE           	0C68	0000	353
		_GSM_Msg_Read  		CODE           	1B70	0000	67
		_GSM_Send_Msg  		CODE           	1038	0000	259

GSM_Functions.c estimated size: 2039

C:\Program Files (x86)\Microchip\xc8\v1.34\sources\common\strlen.c
		_strlen        		CODE           	1A7A	0000	87

C:\Program Files (x86)\Microchip\xc8\v1.34\sources\common\strlen.c estimated size: 87

C:\Program Files (x86)\Microchip\xc8\v1.34\sources\common\ftdiv.c
		___ftdiv       		CODE           	1220	0000	227

C:\Program Files (x86)\Microchip\xc8\v1.34\sources\common\ftdiv.c estimated size: 227

shared
		_dpowers       		SMALLCONST     	0801	0000	11
		__initializatio		CODE           	1D34	0000	19

shared estimated size: 30

C:\Program Files (x86)\Microchip\xc8\v1.34\sources\common\strchr.c
		_strchr        		CODE           	1C2A	0000	57

C:\Program Files (x86)\Microchip\xc8\v1.34\sources\common\strchr.c estimated size: 57

C:\Program Files (x86)\Microchip\xc8\v1.34\sources\common\altoft.c
		___altoft      		CODE           	1928	0000	125

C:\Program Files (x86)\Microchip\xc8\v1.34\sources\common\altoft.c estimated size: 125

C:\Program Files (x86)\Microchip\xc8\v1.34\sources\common\memset.c
		_memset        		CODE           	1C90	0000	47

C:\Program Files (x86)\Microchip\xc8\v1.34\sources\common\memset.c estimated size: 47

C:\Program Files (x86)\Microchip\xc8\v1.34\sources\common\lwdiv.c
		___lwdiv       		CODE           	1A1E	0000	93

C:\Program Files (x86)\Microchip\xc8\v1.34\sources\common\lwdiv.c estimated size: 93

C:\Program Files (x86)\Microchip\xc8\v1.34\sources\common\doprnt.c
		_sprintf       		CODE           	08D4	0000	465

C:\Program Files (x86)\Microchip\xc8\v1.34\sources\common\doprnt.c estimated size: 465

C:\Program Files (x86)\Microchip\xc8\v1.34\sources\common\fttol.c
		___fttol       		CODE           	113A	0000	231

C:\Program Files (x86)\Microchip\xc8\v1.34\sources\common\fttol.c estimated size: 231

C:\Program Files (x86)\Microchip\xc8\v1.34\sources\common\Umul16.c
		___wmul        		CODE           	1CEA	0000	41

C:\Program Files (x86)\Microchip\xc8\v1.34\sources\common\Umul16.c estimated size: 41

C:\Program Files (x86)\Microchip\xc8\v1.34\sources\common\ftadd.c
		___ftadd       		CODE           	0AA4	0000	453

C:\Program Files (x86)\Microchip\xc8\v1.34\sources\common\ftadd.c estimated size: 453

